Component: ARM Compiler 5.05 update 1 (build 106) Tool: armlink [4d0efa]

==============================================================================

Section Cross References

    startup_stm32f723xx.o(RESET) refers to startup_stm32f723xx.o(STACK) for __initial_sp
    startup_stm32f723xx.o(RESET) refers to startup_stm32f723xx.o(.text) for Reset_Handler
    startup_stm32f723xx.o(RESET) refers to stm32f7xx_it.o(i.NMI_Handler) for NMI_Handler
    startup_stm32f723xx.o(RESET) refers to stm32f7xx_it.o(i.HardFault_Handler) for HardFault_Handler
    startup_stm32f723xx.o(RESET) refers to stm32f7xx_it.o(i.BusFault_Handler) for BusFault_Handler
    startup_stm32f723xx.o(RESET) refers to stm32f7xx_it.o(i.UsageFault_Handler) for UsageFault_Handler
    startup_stm32f723xx.o(RESET) refers to stm32f7xx_it.o(i.SVC_Handler) for SVC_Handler
    startup_stm32f723xx.o(RESET) refers to stm32f7xx_it.o(i.DebugMon_Handler) for DebugMon_Handler
    startup_stm32f723xx.o(RESET) refers to stm32f7xx_it.o(i.PendSV_Handler) for PendSV_Handler
    startup_stm32f723xx.o(RESET) refers to stm32f7xx_it.o(i.SysTick_Handler) for SysTick_Handler
    startup_stm32f723xx.o(RESET) refers to stm32f7xx_it.o(i.EXTI0_IRQHandler) for EXTI0_IRQHandler
    startup_stm32f723xx.o(RESET) refers to usart.o(i.USART2_IRQHandler) for USART2_IRQHandler
    startup_stm32f723xx.o(RESET) refers to sai.o(i.DMA2_Stream3_IRQHandler) for DMA2_Stream3_IRQHandler
    startup_stm32f723xx.o(RESET) refers to sai.o(i.DMA2_Stream5_IRQHandler) for DMA2_Stream5_IRQHandler
    startup_stm32f723xx.o(.text) refers to system_stm32f7xx.o(i.SystemInit) for SystemInit
    startup_stm32f723xx.o(.text) refers to entry.o(.ARM.Collect$$$$00000000) for __main
    stm32f7xx_hal.o(i.HAL_DeInit) refers to stm32f7xx_hal.o(i.HAL_MspDeInit) for HAL_MspDeInit
    stm32f7xx_hal.o(i.HAL_Delay) refers to stm32f7xx_hal.o(i.HAL_GetTick) for HAL_GetTick
    stm32f7xx_hal.o(i.HAL_GetTick) refers to stm32f7xx_hal.o(.data) for .data
    stm32f7xx_hal.o(i.HAL_IncTick) refers to stm32f7xx_hal.o(.data) for .data
    stm32f7xx_hal.o(i.HAL_Init) refers to stm32f7xx_hal_cortex.o(i.HAL_NVIC_SetPriorityGrouping) for HAL_NVIC_SetPriorityGrouping
    stm32f7xx_hal.o(i.HAL_Init) refers to stm32f7xx_hal.o(i.HAL_InitTick) for HAL_InitTick
    stm32f7xx_hal.o(i.HAL_Init) refers to stm32f7xx_hal.o(i.HAL_MspInit) for HAL_MspInit
    stm32f7xx_hal.o(i.HAL_InitTick) refers to stm32f7xx_hal_cortex.o(i.HAL_SYSTICK_Config) for HAL_SYSTICK_Config
    stm32f7xx_hal.o(i.HAL_InitTick) refers to stm32f7xx_hal_cortex.o(i.HAL_NVIC_SetPriority) for HAL_NVIC_SetPriority
    stm32f7xx_hal.o(i.HAL_InitTick) refers to system_stm32f7xx.o(.data) for SystemCoreClock
    stm32f7xx_hal_cortex.o(i.HAL_NVIC_SetPriority) refers to stm32f7xx_hal_cortex.o(i.NVIC_SetPriority) for NVIC_SetPriority
    stm32f7xx_hal_cortex.o(i.HAL_SYSTICK_Config) refers to stm32f7xx_hal_cortex.o(i.NVIC_SetPriority) for NVIC_SetPriority
    stm32f7xx_hal_cortex.o(i.HAL_SYSTICK_IRQHandler) refers to stm32f7xx_hal_cortex.o(i.HAL_SYSTICK_Callback) for HAL_SYSTICK_Callback
    stm32f7xx_hal_dma.o(i.DMA_CalcBaseAndBitshift) refers to stm32f7xx_hal_dma.o(.constdata) for .constdata
    stm32f7xx_hal_dma.o(i.HAL_DMA_Abort) refers to stm32f7xx_hal.o(i.HAL_GetTick) for HAL_GetTick
    stm32f7xx_hal_dma.o(i.HAL_DMA_DeInit) refers to stm32f7xx_hal_dma.o(i.DMA_CalcBaseAndBitshift) for DMA_CalcBaseAndBitshift
    stm32f7xx_hal_dma.o(i.HAL_DMA_IRQHandler) refers to system_stm32f7xx.o(.data) for SystemCoreClock
    stm32f7xx_hal_dma.o(i.HAL_DMA_Init) refers to stm32f7xx_hal.o(i.HAL_GetTick) for HAL_GetTick
    stm32f7xx_hal_dma.o(i.HAL_DMA_Init) refers to stm32f7xx_hal_dma.o(i.DMA_CheckFifoParam) for DMA_CheckFifoParam
    stm32f7xx_hal_dma.o(i.HAL_DMA_Init) refers to stm32f7xx_hal_dma.o(i.DMA_CalcBaseAndBitshift) for DMA_CalcBaseAndBitshift
    stm32f7xx_hal_dma.o(i.HAL_DMA_PollForTransfer) refers to stm32f7xx_hal.o(i.HAL_GetTick) for HAL_GetTick
    stm32f7xx_hal_dma.o(i.HAL_DMA_PollForTransfer) refers to stm32f7xx_hal_dma.o(i.HAL_DMA_Abort) for HAL_DMA_Abort
    stm32f7xx_hal_dma.o(i.HAL_DMA_Start) refers to stm32f7xx_hal_dma.o(i.DMA_SetConfig) for DMA_SetConfig
    stm32f7xx_hal_dma.o(i.HAL_DMA_Start_IT) refers to stm32f7xx_hal_dma.o(i.DMA_SetConfig) for DMA_SetConfig
    stm32f7xx_hal_dma_ex.o(i.HAL_DMAEx_MultiBufferStart) refers to stm32f7xx_hal_dma_ex.o(i.DMA_MultiBufferSetConfig) for DMA_MultiBufferSetConfig
    stm32f7xx_hal_dma_ex.o(i.HAL_DMAEx_MultiBufferStart_IT) refers to stm32f7xx_hal_dma_ex.o(i.DMA_MultiBufferSetConfig) for DMA_MultiBufferSetConfig
    stm32f7xx_hal_gpio.o(i.HAL_GPIO_EXTI_IRQHandler) refers to main.o(i.HAL_GPIO_EXTI_Callback) for HAL_GPIO_EXTI_Callback
    stm32f7xx_hal_pwr.o(i.HAL_PWR_PVD_IRQHandler) refers to stm32f7xx_hal_pwr.o(i.HAL_PWR_PVDCallback) for HAL_PWR_PVDCallback
    stm32f7xx_hal_pwr_ex.o(i.HAL_PWREx_ControlVoltageScaling) refers to stm32f7xx_hal.o(i.HAL_GetTick) for HAL_GetTick
[...]
    .constdata                               0x08019a30   Section    16384  arm_common_tables.o(.constdata)
    .constdata                               0x0801da30   Section      136  pow.o(.constdata)
    bp                                       0x0801da30   Data          16  pow.o(.constdata)
    dp_h                                     0x0801da40   Data          16  pow.o(.constdata)
    dp_l                                     0x0801da50   Data          16  pow.o(.constdata)
    L                                        0x0801da60   Data          48  pow.o(.constdata)
    P                                        0x0801da90   Data          40  pow.o(.constdata)
    .constdata                               0x0801dab8   Section       48  cos_i.o(.constdata)
    C                                        0x0801dab8   Data          48  cos_i.o(.constdata)
    .constdata                               0x0801dae8   Section       88  exp.o(.constdata)
    halF                                     0x0801dae8   Data          16  exp.o(.constdata)
    ln2HI                                    0x0801daf8   Data          16  exp.o(.constdata)
    ln2LO                                    0x0801db08   Data          16  exp.o(.constdata)
    P                                        0x0801db18   Data          40  exp.o(.constdata)
    .constdata                               0x0801db40   Section       56  log.o(.constdata)
    Lg2                                      0x0801db40   Data          24  log.o(.constdata)
    Lg                                       0x0801db58   Data          32  log.o(.constdata)
    .constdata                               0x0801db78   Section        8  qnan.o(.constdata)
    .constdata                               0x0801db80   Section      200  rred.o(.constdata)
    pio2s                                    0x0801db80   Data          48  rred.o(.constdata)
    twooverpi                                0x0801dbb0   Data         152  rred.o(.constdata)
    .constdata                               0x0801dc48   Section       40  sin_i.o(.constdata)
    S                                        0x0801dc48   Data          40  sin_i.o(.constdata)
    .data                                    0x20000000   Section        4  stm32f7xx_hal.o(.data)
    .data                                    0x20000004   Section        4  delay.o(.data)
    fac_us                                   0x20000004   Data           4  delay.o(.data)
    .data                                    0x20000008   Section        2  usart.o(.data)
    .data                                    0x2000000c   Section        4  usart.o(.data)
    .data                                    0x20000010   Section        4  button.o(.data)
    .data                                    0x20000014   Section        8  sai.o(.data)
    .data                                    0x2000001c   Section      116  wm8978.o(.data)
    WM8978_REGVAL_TBL                        0x2000001c   Data         116  wm8978.o(.data)
    .data                                    0x20000090   Section        4  system_stm32f7xx.o(.data)
    .data                                    0x20000098   Section      144  main.o(.data)
    ticks                                    0x200000c4   Data           4  main.o(.data)
    banks                                    0x200000e8   Data          32  main.o(.data)
    .data                                    0x20000128   Section        4  main.o(.data)
    .data                                    0x20000130   Section        8  main.o(.data)
    .data                                    0x20000138   Section        2  main.o(.data)
    .data                                    0x2000013c   Section        4  main.o(.data)
    .data                                    0x20000140   Section        4  main.o(.data)
    .data                                    0x20000148   Section       64  audiodatatransprocess.o(.data)
    .data                                    0x20000188   Section        4  mvars.o(.data)
    .data                                    0x2000018c   Section        4  mvars.o(.data)
    .data                                    0x20000190   Section        4  errno.o(.data)
    _errno                                   0x20000190   Data           4  errno.o(.data)
    .bss                                     0x20000194   Section       28  stm32f7xx_hal_flash.o(.bss)
    .bss                                     0x200001b0   Section      364  usart.o(.bss)
    .bss                                     0x2000031c   Section      456  sai.o(.bss)
    .bss                                     0x200004e4   Section     4808  main.o(.bss)
    lFirStateF32                             0x20000f1c   Data        1084  main.o(.bss)
    rFirStateF32                             0x20001358   Data        1084  main.o(.bss)
    .bss                                     0x200017b0   Section    20708  audiodatatransprocess.o(.bss)
    HEAP                                     0x20006898   Section    16384  startup_stm32f723xx.o(HEAP)
    STACK                                    0x2000a898   Section     8192  startup_stm32f723xx.o(STACK)

    Global Symbols

    Symbol Name                              Value     Ov Type        Size  Object(Section)

    BuildAttributes$$THM_ISAv4$E$P$D$K$B$S$7EM$VFPi3$EXTD16$VFPS$VFMA$PE$PLD8$A:L22UL41UL21$X:L11$S22US41US21$IEEE1$IW$USESV6$~STKCKD$USESV7$~SHL$OTIME$ROPI$IEEEX$EBA8$MICROLIB$REQ8$PRES8$EABIv2 0x00000000   Number         0  anon$$obj.o ABSOLUTE
    __ARM_use_no_argv                        0x00000000   Number         0  main.o ABSOLUTE
    __use_no_errno                           0x00000000   Number         0  useno.o ABSOLUTE
    __use_no_exception_handling              0x00000000   Number         0  useno.o ABSOLUTE
    __use_no_fp                              0x00000000   Number         0  useno.o ABSOLUTE
    __use_no_heap                            0x00000000   Number         0  useno.o ABSOLUTE
    __use_no_heap_region                     0x00000000   Number         0  useno.o ABSOLUTE
    __use_no_semihosting                     0x00000000   Number         0  useno.o ABSOLUTE
    __use_no_semihosting_swi                 0x00000000   Number         0  useno.o ABSOLUTE
    __use_no_signal_handling                 0x00000000   Number         0  useno.o ABSOLUTE
    _printf_a                                0x00000000   Number         0  stubs.o ABSOLUTE
    _printf_c                                0x00000000   Number         0  stubs.o ABSOLUTE
    _printf_charcount                        0x00000000   Number         0  stubs.o ABSOLUTE
    _printf_d                                0x00000000   Number         0  stubs.o ABSOLUTE
    _printf_e                                0x00000000   Number         0  stubs.o ABSOLUTE
    _printf_f                                0x00000000   Number         0  stubs.o ABSOLUTE
    _printf_flags                            0x00000000   Number         0  stubs.o ABSOLUTE
    _printf_fp_dec                           0x00000000   Number         0  stubs.o ABSOLUTE
    _printf_fp_hex                           0x00000000   Number         0  stubs.o ABSOLUTE
    _printf_g                                0x00000000   Number         0  stubs.o ABSOLUTE
    _printf_i                                0x00000000   Number         0  stubs.o ABSOLUTE
    _printf_int_dec                          0x00000000   Number         0  stubs.o ABSOLUTE
    _printf_l                                0x00000000   Number         0  stubs.o ABSOLUTE
    _printf_lc                               0x00000000   Number         0  stubs.o ABSOLUTE
    _printf_ll                               0x00000000   Number         0  stubs.o ABSOLUTE
    _printf_lld                              0x00000000   Number         0  stubs.o ABSOLUTE
    _printf_lli                              0x00000000   Number         0  stubs.o ABSOLUTE
    _printf_llo                              0x00000000   Number         0  stubs.o ABSOLUTE
    _printf_llu                              0x00000000   Number         0  stubs.o ABSOLUTE
    _printf_llx                              0x00000000   Number         0  stubs.o ABSOLUTE
    _printf_longlong_dec                     0x00000000   Number         0  stubs.o ABSOLUTE
    _printf_longlong_hex                     0x00000000   Number         0  stubs.o ABSOLUTE
    _printf_longlong_oct                     0x00000000   Number         0  stubs.o ABSOLUTE
    _printf_ls                               0x00000000   Number         0  stubs.o ABSOLUTE
    _printf_mbtowc                           0x00000000   Number         0  stubs.o ABSOLUTE
    _printf_n                                0x00000000   Number         0  stubs.o ABSOLUTE
    _printf_o                                0x00000000   Number         0  stubs.o ABSOLUTE
    _printf_p                                0x00000000   Number         0  stubs.o ABSOLUTE
    _printf_percent                          0x00000000   Number         0  stubs.o ABSOLUTE
    _printf_pre_padding                      0x00000000   Number         0  stubs.o ABSOLUTE
    _printf_return_value                     0x00000000   Number         0  stubs.o ABSOLUTE
    _printf_s                                0x00000000   Number         0  stubs.o ABSOLUTE
    _printf_sizespec                         0x00000000   Number         0  stubs.o ABSOLUTE
    _printf_str                              0x00000000   Number         0  stubs.o ABSOLUTE
    _printf_truncate_signed                  0x00000000   Number         0  stubs.o ABSOLUTE
    _printf_truncate_unsigned                0x00000000   Number         0  stubs.o ABSOLUTE
    _printf_u                                0x00000000   Number         0  stubs.o ABSOLUTE
    _printf_wc                               0x00000000   Number         0  stubs.o ABSOLUTE
    _printf_wctomb                           0x00000000   Number         0  stubs.o ABSOLUTE
    _printf_widthprec                        0x00000000   Number         0  stubs.o ABSOLUTE
    _printf_x                                0x00000000   Number         0  stubs.o ABSOLUTE
    __cpp_initialize__aeabi_                  - Undefined Weak Reference
    __cxa_finalize                            - Undefined Weak Reference
    _clock_init                               - Undefined Weak Reference
    _microlib_exit                            - Undefined Weak Reference
    __Vectors_Size                           0x000001e0   Number         0  startup_stm32f723xx.o ABSOLUTE
    __Vectors                                0x08000000   Data           4  startup_stm32f723xx.o(RESET)
    __Vectors_End                            0x080001e0   Data           0  startup_stm32f723xx.o(RESET)
    arm_bitreversal_32                       0x080001e1   Thumb Code   106  arm_bitreversal2.o(. text)
    arm_bitreversal_16                       0x0800024b   Thumb Code    86  arm_bitreversal2.o(. text)
    __main                                   0x080002a1   Thumb Code     0  entry.o(.ARM.Collect$$$$00000000)
    _main_stk                                0x080002a1   Thumb Code     0  entry2.o(.ARM.Collect$$$$00000001)
    _main_scatterload                        0x080002a5   Thumb Code     0  entry5.o(.ARM.Collect$$$$00000004)
    __main_after_scatterload                 0x080002a9   Thumb Code     0  entry5.o(.ARM.Collect$$$$00000004)
    _main_clock                              0x080002a9   Thumb Code     0  entry7b.o(.ARM.Collect$$$$00000008)
    _main_cpp_init                           0x080002a9   Thumb Code     0  entry8b.o(.ARM.Collect$$$$0000000A)
    _main_init                               0x080002a9   Thumb Code     0  entry9a.o(.ARM.Collect$$$$0000000B)
    __rt_final_cpp                           0x080002b1   Thumb Code     0  entry10a.o(.ARM.Collect$$$$0000000D)
    __rt_final_exit                          0x080002b1   Thumb Code     0  entry11a.o(.ARM.Collect$$$$0000000F)
    Reset_Handler                            0x080002b5   Thumb Code     8  startup_stm32f723xx.o(.text)
    MemManage_Handler                        0x080002c1   Thumb Code     2  startup_stm32f723xx.o(.text)
    ADC_IRQHandler                           0x080002cf   Thumb Code     0  startup_stm32f723xx.o(.text)
    CAN1_RX0_IRQHandler                      0x080002cf   Thumb Code     0  startup_stm32f723xx.o(.text)
    CAN1_RX1_IRQHandler                      0x080002cf   Thumb Code     0  startup_stm32f723xx.o(.text)
    CAN1_SCE_IRQHandler                      0x080002cf   Thumb Code     0  startup_stm32f723xx.o(.text)
    CAN1_TX_IRQHandler                       0x080002cf   Thumb Code     0  startup_stm32f723xx.o(.text)
    DMA1_Stream0_IRQHandler                  0x080002cf   Thumb Code     0  startup_stm32f723xx.o(.text)
    DMA1_Stream1_IRQHandler                  0x080002cf   Thumb Code     0  startup_stm32f723xx.o(.text)
    DMA1_Stream2_IRQHandler                  0x080002cf   Thumb Code     0  startup_stm32f723xx.o(.text)
    DMA1_Stream3_IRQHandler                  0x080002cf   Thumb Code     0  startup_stm32f723xx.o(.text)
    DMA1_Stream4_IRQHandler                  0x080002cf   Thumb Code     0  startup_stm32f723xx.o(.text)
    DMA1_Stream5_IRQHandler                  0x080002cf   Thumb Code     0  startup_stm32f723xx.o(.text)
    DMA1_Stream6_IRQHandler                  0x080002cf   Thumb Code     0  startup_stm32f723xx.o(.text)
    DMA1_Stream7_IRQHandler                  0x080002cf   Thumb Code     0  startup_stm32f723xx.o(.text)
    DMA2_Stream0_IRQHandler                  0x080002cf   Thumb Code     0  startup_stm32f723xx.o(.text)
    DMA2_Stream1_IRQHandler                  0x080002cf   Thumb Code     0  startup_stm32f723xx.o(.text)
    DMA2_Stream2_IRQHandler                  0x080002cf   Thumb Code     0  startup_stm32f723xx.o(.text)
    DMA2_Stream4_IRQHandler                  0x080002cf   Thumb Code     0  startup_stm32f723xx.o(.text)
    DMA2_Stream6_IRQHandler                  0x080002cf   Thumb Code     0  startup_stm32f723xx.o(.text)
    DMA2_Stream7_IRQHandler                  0x080002cf   Thumb Code     0  startup_stm32f723xx.o(.text)
    EXTI15_10_IRQHandler                     0x080002cf   Thumb Code     0  startup_stm32f723xx.o(.text)
    EXTI1_IRQHandler                         0x080002cf   Thumb Code     0  startup_stm32f723xx.o(.text)
    EXTI2_IRQHandler                         0x080002cf   Thumb Code     0  startup_stm32f723xx.o(.text)
    EXTI3_IRQHandler                         0x080002cf   Thumb Code     0  startup_stm32f723xx.o(.text)
    EXTI4_IRQHandler                         0x080002cf   Thumb Code     0  startup_stm32f723xx.o(.text)
    EXTI9_5_IRQHandler                       0x080002cf   Thumb Code     0  startup_stm32f723xx.o(.text)
    FLASH_IRQHandler                         0x080002cf   Thumb Code     0  startup_stm32f723xx.o(.text)
    FMC_IRQHandler                           0x080002cf   Thumb Code     0  startup_stm32f723xx.o(.text)
    FPU_IRQHandler                           0x080002cf   Thumb Code     0  startup_stm32f723xx.o(.text)
    I2C1_ER_IRQHandler                       0x080002cf   Thumb Code     0  startup_stm32f723xx.o(.text)
    I2C1_EV_IRQHandler                       0x080002cf   Thumb Code     0  startup_stm32f723xx.o(.text)
    I2C2_ER_IRQHandler                       0x080002cf   Thumb Code     0  startup_stm32f723xx.o(.text)
    I2C2_EV_IRQHandler                       0x080002cf   Thumb Code     0  startup_stm32f723xx.o(.text)
    I2C3_ER_IRQHandler                       0x080002cf   Thumb Code     0  startup_stm32f723xx.o(.text)
    I2C3_EV_IRQHandler                       0x080002cf   Thumb Code     0  startup_stm32f723xx.o(.text)
    LPTIM1_IRQHandler                        0x080002cf   Thumb Code     0  startup_stm32f723xx.o(.text)
    OTG_FS_IRQHandler                        0x080002cf   Thumb Code     0  startup_stm32f723xx.o(.text)
    OTG_FS_WKUP_IRQHandler                   0x080002cf   Thumb Code     0  startup_stm32f723xx.o(.text)
    OTG_HS_EP1_IN_IRQHandler                 0x080002cf   Thumb Code     0  startup_stm32f723xx.o(.text)
    OTG_HS_EP1_OUT_IRQHandler                0x080002cf   Thumb Code     0  startup_stm32f723xx.o(.text)
    OTG_HS_IRQHandler                        0x080002cf   Thumb Code     0  startup_stm32f723xx.o(.text)
    OTG_HS_WKUP_IRQHandler                   0x080002cf   Thumb Code     0  startup_stm32f723xx.o(.text)
    PVD_IRQHandler                           0x080002cf   Thumb Code     0  startup_stm32f723xx.o(.text)
    QUADSPI_IRQHandler                       0x080002cf   Thumb Code     0  startup_stm32f723xx.o(.text)
    RCC_IRQHandler                           0x080002cf   Thumb Code     0  startup_stm32f723xx.o(.text)
    RNG_IRQHandler                           0x080002cf   Thumb Code     0  startup_stm32f723xx.o(.text)
    RTC_Alarm_IRQHandler                     0x080002cf   Thumb Code     0  startup_stm32f723xx.o(.text)
    RTC_WKUP_IRQHandler                      0x080002cf   Thumb Code     0  startup_stm32f723xx.o(.text)
    SAI1_IRQHandler                          0x080002cf   Thumb Code     0  startup_stm32f723xx.o(.text)
    SAI2_IRQHandler                          0x080002cf   Thumb Code     0  startup_stm32f723xx.o(.text)
    SDMMC1_IRQHandler                        0x080002cf   Thumb Code     0  startup_stm32f723xx.o(.text)
    SDMMC2_IRQHandler                        0x080002cf   Thumb Code     0  startup_stm32f723xx.o(.text)
    SPI1_IRQHandler                          0x080002cf   Thumb Code     0  startup_stm32f723xx.o(.text)
    SPI2_IRQHandler                          0x080002cf   Thumb Code     0  startup_stm32f723xx.o(.text)
    SPI3_IRQHandler                          0x080002cf   Thumb Code     0  startup_stm32f723xx.o(.text)
    SPI4_IRQHandler                          0x080002cf   Thumb Code     0  startup_stm32f723xx.o(.text)
    SPI5_IRQHandler                          0x080002cf   Thumb Code     0  startup_stm32f723xx.o(.text)
    TAMP_STAMP_IRQHandler                    0x080002cf   Thumb Code     0  startup_stm32f723xx.o(.text)
    TIM1_BRK_TIM9_IRQHandler                 0x080002cf   Thumb Code     0  startup_stm32f723xx.o(.text)
    TIM1_CC_IRQHandler                       0x080002cf   Thumb Code     0  startup_stm32f723xx.o(.text)
    TIM1_TRG_COM_TIM11_IRQHandler            0x080002cf   Thumb Code     0  startup_stm32f723xx.o(.text)
    TIM1_UP_TIM10_IRQHandler                 0x080002cf   Thumb Code     0  startup_stm32f723xx.o(.text)
    TIM2_IRQHandler                          0x080002cf   Thumb Code     0  startup_stm32f723xx.o(.text)
    TIM3_IRQHandler                          0x080002cf   Thumb Code     0  startup_stm32f723xx.o(.text)
    TIM4_IRQHandler                          0x080002cf   Thumb Code     0  startup_stm32f723xx.o(.text)
    TIM5_IRQHandler                          0x080002cf   Thumb Code     0  startup_stm32f723xx.o(.text)
    TIM6_DAC_IRQHandler                      0x080002cf   Thumb Code     0  startup_stm32f723xx.o(.text)
    TIM7_IRQHandler                          0x080002cf   Thumb Code     0  startup_stm32f723xx.o(.text)
    TIM8_BRK_TIM12_IRQHandler                0x080002cf   Thumb Code     0  startup_stm32f723xx.o(.text)
    TIM8_CC_IRQHandler                       0x080002cf   Thumb Code     0  startup_stm32f723xx.o(.text)
    TIM8_TRG_COM_TIM14_IRQHandler            0x080002cf   Thumb Code     0  startup_stm32f723xx.o(.text)
    TIM8_UP_TIM13_IRQHandler                 0x080002cf   Thumb Code     0  startup_stm32f723xx.o(.text)
    UART4_IRQHandler                         0x080002cf   Thumb Code     0  startup_stm32f723xx.o(.text)
    UART5_IRQHandler                         0x080002cf   Thumb Code     0  startup_stm32f723xx.o(.text)
    UART7_IRQHandler                         0x080002cf   Thumb Code     0  startup_stm32f723xx.o(.text)
    UART8_IRQHandler                         0x080002cf   Thumb Code     0  startup_stm32f723xx.o(.text)
    USART1_IRQHandler                        0x080002cf   Thumb Code     0  startup_stm32f723xx.o(.text)
    USART3_IRQHandler                        0x080002cf   Thumb Code     0  startup_stm32f723xx.o(.text)
    USART6_IRQHandler                        0x080002cf   Thumb Code     0  startup_stm32f723xx.o(.text)
    WWDG_IRQHandler                          0x080002cf   Thumb Code     0  startup_stm32f723xx.o(.text)
    arm_cmplx_mag_f32                        0x080002d9   Thumb Code   292  arm_cmplx_mag_f32.o(.text)
    stage_rfft_f32                           0x080003fd   Thumb Code   258  arm_rfft_fast_f32.o(.text)
    merge_rfft_f32                           0x080004ff   Thumb Code   256  arm_rfft_fast_f32.o(.text)
    arm_rfft_fast_f32                        0x080005ff   Thumb Code    66  arm_rfft_fast_f32.o(.text)
    arm_rfft_fast_init_f32                   0x08000641   Thumb Code   198  arm_rfft_fast_init_f32.o(.text)
    arm_cfft_radix8by2_f32                   0x08000769   Thumb Code   608  arm_cfft_f32.o(.text)
    arm_cfft_radix8by4_f32                   0x080009c9   Thumb Code  1710  arm_cfft_f32.o(.text)
    arm_cfft_f32                             0x08001077   Thumb Code   304  arm_cfft_f32.o(.text)
    arm_radix8_butterfly_f32                 0x080011a9   Thumb Code  2126  arm_cfft_radix8_f32.o(.text)
    __aeabi_uldivmod                         0x080019fd   Thumb Code    98  uldiv.o(.text)
    __aeabi_memset                           0x08001a5f   Thumb Code    14  memseta.o(.text)
    __aeabi_memset4                          0x08001a5f   Thumb Code     0  memseta.o(.text)
    __aeabi_memset8                          0x08001a5f   Thumb Code     0  memseta.o(.text)
    __aeabi_memclr                           0x08001a6d   Thumb Code     4  memseta.o(.text)
    __aeabi_memclr4                          0x08001a6d   Thumb Code     0  memseta.o(.text)
    __aeabi_memclr8                          0x08001a6d   Thumb Code     0  memseta.o(.text)
    _memset$wrapper                          0x08001a71   Thumb Code    18  memseta.o(.text)
    calloc                                   0x08001a83   Thumb Code    28  calloc.o(.text)
    __aeabi_fadd                             0x08001a9f   Thumb Code   164  fadd.o(.text)
    __aeabi_fsub                             0x08001b43   Thumb Code     6  fadd.o(.text)
    __aeabi_frsub                            0x08001b49   Thumb Code     6  fadd.o(.text)
    __aeabi_fmul                             0x08001b4f   Thumb Code   100  fmul.o(.text)
    __aeabi_fdiv                             0x08001bb3   Thumb Code   124  fdiv.o(.text)
    __ARM_scalbnf                            0x08001c2f   Thumb Code    24  fscalb.o(.text)
    scalbnf                                  0x08001c2f   Thumb Code     0  fscalb.o(.text)
    __aeabi_dadd                             0x08001c47   Thumb Code   322  dadd.o(.text)
    __aeabi_dsub                             0x08001d89   Thumb Code     6  dadd.o(.text)
    __aeabi_drsub                            0x08001d8f   Thumb Code     6  dadd.o(.text)
    __aeabi_dmul                             0x08001d95   Thumb Code   228  dmul.o(.text)
    __aeabi_ddiv                             0x08001e79   Thumb Code   222  ddiv.o(.text)
    __aeabi_ui2f                             0x08001f57   Thumb Code    10  ffltui.o(.text)
    __aeabi_l2f                              0x08001f61   Thumb Code    44  ffltl.o(.text)
    __aeabi_f2lz                             0x08001f8d   Thumb Code    66  ffixl.o(.text)
    __aeabi_f2ulz                            0x08001fcf   Thumb Code    44  ffixul.o(.text)
    __aeabi_d2iz                             0x08001ffb   Thumb Code    62  dfixi.o(.text)
    __aeabi_f2d                              0x08002039   Thumb Code    38  f2d.o(.text)
    __aeabi_d2f                              0x0800205f   Thumb Code    56  d2f.o(.text)
    __aeabi_uidiv                            0x08002097   Thumb Code     0  uidiv.o(.text)
    __aeabi_uidivmod                         0x08002097   Thumb Code    44  uidiv.o(.text)
    __aeabi_llsl                             0x080020c3   Thumb Code    30  llshl.o(.text)
    _ll_shift_l                              0x080020c3   Thumb Code     0  llshl.o(.text)
    __aeabi_llsr                             0x080020e1   Thumb Code    32  llushr.o(.text)
    _ll_ushift_r                             0x080020e1   Thumb Code     0  llushr.o(.text)
    __aeabi_lasr                             0x08002101   Thumb Code    36  llsshr.o(.text)
    _ll_sshift_r                             0x08002101   Thumb Code     0  llsshr.o(.text)
    __I$use$fp                               0x08002125   Thumb Code     0  iusefp.o(.text)
    _float_round                             0x08002125   Thumb Code    18  fepilogue.o(.text)
    _float_epilogue                          0x08002137   Thumb Code    92  fepilogue.o(.text)
    _double_round                            0x08002193   Thumb Code    30  depilogue.o(.text)
    _double_epilogue                         0x080021b1   Thumb Code   156  depilogue.o(.text)
    __ARM_scalbn                             0x0800224d   Thumb Code    46  dscalb.o(.text)
    scalbn                                   0x0800224d   Thumb Code     0  dscalb.o(.text)
    _dsqrt                                   0x0800227b   Thumb Code   162  dsqrt.o(.text)
    __aeabi_i2d                              0x0800231d   Thumb Code    34  dflti.o(.text)
    __aeabi_d2ulz                            0x0800233f   Thumb Code    48  dfixul.o(.text)
    __aeabi_cdcmpeq                          0x08002371   Thumb Code     0  cdcmple.o(.text)
    __aeabi_cdcmple                          0x08002371   Thumb Code    48  cdcmple.o(.text)
    __aeabi_cdrcmple                         0x080023a1   Thumb Code    48  cdrcmple.o(.text)
    __fp_status                              0x080023d1   Thumb Code     4  fpstat.o(.text)
    __ieee_status                            0x080023d1   Thumb Code     0  fpstat.o(.text)
    __scatterload                            0x080023d5   Thumb Code    28  init.o(.text)
    __scatterload_rt2                        0x080023d5   Thumb Code     0  init.o(.text)
    __aeabi_ui2d                             0x080023f9   Thumb Code    26  dfltui.o(.text)
    __decompress                             0x08002413   Thumb Code     0  __dczerorl2.o(.text)
    __decompress1                            0x08002413   Thumb Code    86  __dczerorl2.o(.text)
    AnalysisBuffer                           0x08002469   Thumb Code    50  audiodatatransprocess.o(i.AnalysisBuffer)
    AudioProcessWithFliter                   0x080024a5   Thumb Code   668  main.o(i.AudioProcessWithFliter)
    AudioProcessWithoutFliter                0x08002755   Thumb Code   290  main.o(i.AudioProcessWithoutFliter)
    AudioTransDataProcess                    0x08002881   Thumb Code   888  audiodatatransprocess.o(i.AudioTransDataProcess)
    BusFault_Handler                         0x08002c3d   Thumb Code     2  stm32f7xx_it.o(i.BusFault_Handler)
    Button_Init                              0x08002c41   Thumb Code    64  button.o(i.Button_Init)
    Cache_Enable                             0x08002c8d   Thumb Code   108  sys.o(i.Cache_Enable)
    ChangeBitToByte                          0x08002d01   Thumb Code    50  audiodatatransprocess.o(i.ChangeBitToByte)
    DMA2_Stream3_IRQHandler                  0x08002d35   Thumb Code   108  sai.o(i.DMA2_Stream3_IRQHandler)
    DMA2_Stream5_IRQHandler                  0x08002db1   Thumb Code   108  sai.o(i.DMA2_Stream5_IRQHandler)
    DebugMon_Handler                         0x08002ec7   Thumb Code     2  stm32f7xx_it.o(i.DebugMon_Handler)
    EXTI0_IRQHandler                         0x08002ec9   Thumb Code     6  stm32f7xx_it.o(i.EXTI0_IRQHandler)
    FFTDataAnalysis                          0x08002ed1   Thumb Code   384  audiodatatransprocess.o(i.FFTDataAnalysis)
    FLASH_Erase_Sector                       0x08003075   Thumb Code    92  stm32f7xx_hal_flash_ex.o(i.FLASH_Erase_Sector)
    FLASH_WaitForLastOperation               0x08003209   Thumb Code    76  stm32f7xx_hal_flash.o(i.FLASH_WaitForLastOperation)
    FliterInit                               0x0800325d   Thumb Code   110  main.o(i.FliterInit)
    GetSector                                0x080032e5   Thumb Code    98  env.o(i.GetSector)
    Get_DCahceSta                            0x08003361   Thumb Code    10  sys.o(i.Get_DCahceSta)
    HAL_DMAEx_MultiBufferStart               0x08003371   Thumb Code   100  stm32f7xx_hal_dma_ex.o(i.HAL_DMAEx_MultiBufferStart)
    HAL_DMA_Abort_IT                         0x080033d5   Thumb Code    36  stm32f7xx_hal_dma.o(i.HAL_DMA_Abort_IT)
    HAL_DMA_DeInit                           0x080033f9   Thumb Code    86  stm32f7xx_hal_dma.o(i.HAL_DMA_DeInit)
    HAL_DMA_Init                             0x08003451   Thumb Code   218  stm32f7xx_hal_dma.o(i.HAL_DMA_Init)
    HAL_FLASHEx_Erase                        0x08003531   Thumb Code   130  stm32f7xx_hal_flash_ex.o(i.HAL_FLASHEx_Erase)
    HAL_FLASH_GetError                       0x080035bd   Thumb Code     6  stm32f7xx_hal_flash.o(i.HAL_FLASH_GetError)
    HAL_FLASH_Lock                           0x080035c9   Thumb Code    14  stm32f7xx_hal_flash.o(i.HAL_FLASH_Lock)
    HAL_FLASH_Program                        0x080035dd   Thumb Code   122  stm32f7xx_hal_flash.o(i.HAL_FLASH_Program)
    HAL_FLASH_Unlock                         0x08003661   Thumb Code    28  stm32f7xx_hal_flash.o(i.HAL_FLASH_Unlock)
    HAL_GPIO_EXTI_Callback                   0x08003689   Thumb Code    44  main.o(i.HAL_GPIO_EXTI_Callback)
    HAL_GPIO_EXTI_IRQHandler                 0x080036bd   Thumb Code    18  stm32f7xx_hal_gpio.o(i.HAL_GPIO_EXTI_IRQHandler)
    HAL_GPIO_Init                            0x080036d5   Thumb Code   398  stm32f7xx_hal_gpio.o(i.HAL_GPIO_Init)
    HAL_GPIO_ReadPin                         0x08003891   Thumb Code    10  stm32f7xx_hal_gpio.o(i.HAL_GPIO_ReadPin)
    HAL_GPIO_TogglePin                       0x0800389b   Thumb Code     8  stm32f7xx_hal_gpio.o(i.HAL_GPIO_TogglePin)
    HAL_GPIO_WritePin                        0x080038a3   Thumb Code    10  stm32f7xx_hal_gpio.o(i.HAL_GPIO_WritePin)
    HAL_GetTick                              0x080038ad   Thumb Code     6  stm32f7xx_hal.o(i.HAL_GetTick)
    HAL_IncTick                              0x080038b9   Thumb Code    10  stm32f7xx_hal.o(i.HAL_IncTick)
    HAL_Init                                 0x080038c9   Thumb Code    32  stm32f7xx_hal.o(i.HAL_Init)
    HAL_InitTick                             0x080038ed   Thumb Code    34  stm32f7xx_hal.o(i.HAL_InitTick)
    HAL_MspInit                              0x08003915   Thumb Code     2  stm32f7xx_hal.o(i.HAL_MspInit)
    HAL_NVIC_EnableIRQ                       0x08003917   Thumb Code    22  stm32f7xx_hal_cortex.o(i.HAL_NVIC_EnableIRQ)
    HAL_NVIC_SetPriority                     0x0800392d   Thumb Code    60  stm32f7xx_hal_cortex.o(i.HAL_NVIC_SetPriority)
    HAL_NVIC_SetPriorityGrouping             0x0800396d   Thumb Code    28  stm32f7xx_hal_cortex.o(i.HAL_NVIC_SetPriorityGrouping)
    HAL_PWREx_EnableOverDrive                0x08003991   Thumb Code   100  stm32f7xx_hal_pwr_ex.o(i.HAL_PWREx_EnableOverDrive)
    HAL_RCCEx_GetPeriphCLKFreq               0x080039fd   Thumb Code   268  stm32f7xx_hal_rcc_ex.o(i.HAL_RCCEx_GetPeriphCLKFreq)
    HAL_RCCEx_PeriphCLKConfig                0x08003b1d   Thumb Code  1324  stm32f7xx_hal_rcc_ex.o(i.HAL_RCCEx_PeriphCLKConfig)
    HAL_RCC_ClockConfig                      0x0800404d   Thumb Code   338  stm32f7xx_hal_rcc.o(i.HAL_RCC_ClockConfig)
    HAL_RCC_GetPCLK1Freq                     0x080041b1   Thumb Code    34  stm32f7xx_hal_rcc.o(i.HAL_RCC_GetPCLK1Freq)
    HAL_RCC_GetPCLK2Freq                     0x080041e1   Thumb Code    34  stm32f7xx_hal_rcc.o(i.HAL_RCC_GetPCLK2Freq)
    HAL_RCC_GetSysClockFreq                  0x08004211   Thumb Code   120  stm32f7xx_hal_rcc.o(i.HAL_RCC_GetSysClockFreq)
    HAL_RCC_OscConfig                        0x08004295   Thumb Code   850  stm32f7xx_hal_rcc.o(i.HAL_RCC_OscConfig)
    HAL_SAI_DeInit                           0x080045f1   Thumb Code    66  stm32f7xx_hal_sai.o(i.HAL_SAI_DeInit)
    HAL_SAI_Init                             0x08004635   Thumb Code   470  stm32f7xx_hal_sai.o(i.HAL_SAI_Init)
    HAL_SAI_MspDeInit                        0x0800481d   Thumb Code     2  stm32f7xx_hal_sai.o(i.HAL_SAI_MspDeInit)
    HAL_SAI_MspInit                          0x08004821   Thumb Code    68  sai.o(i.HAL_SAI_MspInit)
    HAL_SYSTICK_CLKSourceConfig              0x0800486d   Thumb Code    24  stm32f7xx_hal_cortex.o(i.HAL_SYSTICK_CLKSourceConfig)
    HAL_SYSTICK_Config                       0x08004885   Thumb Code    38  stm32f7xx_hal_cortex.o(i.HAL_SYSTICK_Config)
    HAL_UART_ErrorCallback                   0x080048ab   Thumb Code     2  stm32f7xx_hal_uart.o(i.HAL_UART_ErrorCallback)
    HAL_UART_GetState                        0x080048ad   Thumb Code    12  stm32f7xx_hal_uart.o(i.HAL_UART_GetState)
    HAL_UART_IRQHandler                      0x080048b9   Thumb Code   372  stm32f7xx_hal_uart.o(i.HAL_UART_IRQHandler)
    HAL_UART_Init                            0x08004a31   Thumb Code   106  stm32f7xx_hal_uart.o(i.HAL_UART_Init)
    HAL_UART_MspInit                         0x08004a9d   Thumb Code   122  usart.o(i.HAL_UART_MspInit)
    HAL_UART_Receive_IT                      0x08004b25   Thumb Code   142  stm32f7xx_hal_uart.o(i.HAL_UART_Receive_IT)
    HAL_UART_RxCpltCallback                  0x08004bb3   Thumb Code     2  stm32f7xx_hal_uart.o(i.HAL_UART_RxCpltCallback)
    HAL_UART_Transmit                        0x08004bb5   Thumb Code   182  stm32f7xx_hal_uart.o(i.HAL_UART_Transmit)
    HAL_UART_TxCpltCallback                  0x08004c6b   Thumb Code     2  stm32f7xx_hal_uart.o(i.HAL_UART_TxCpltCallback)
    HardFault_Handler                        0x08004c6d   Thumb Code     2  stm32f7xx_it.o(i.HardFault_Handler)
    IIC_Init                                 0x08004c71   Thumb Code    70  myiic.o(i.IIC_Init)
    IIC_Send_Byte                            0x08004cc1   Thumb Code   104  myiic.o(i.IIC_Send_Byte)
    IIC_Start                                0x08004d2d   Thumb Code    76  myiic.o(i.IIC_Start)
    IIC_Stop                                 0x08004d7d   Thumb Code    76  myiic.o(i.IIC_Stop)
    IIC_Wait_Ack                             0x08004dcd   Thumb Code    94  myiic.o(i.IIC_Wait_Ack)
    LED_Init                                 0x08004e31   Thumb Code   106  led.o(i.LED_Init)
    NMI_Handler                              0x08004ea9   Thumb Code     2  stm32f7xx_it.o(i.NMI_Handler)
    PendSV_Handler                           0x08004ecd   Thumb Code     2  stm32f7xx_it.o(i.PendSV_Handler)
    ProcessDataStream                        0x08004ed1   Thumb Code   180  audiodatatransprocess.o(i.ProcessDataStream)
    SAIA_DMA_Enable                          0x08004fb9   Thumb Code    12  sai.o(i.SAIA_DMA_Enable)
    SAIA_Init                                0x08004fc9   Thumb Code   104  sai.o(i.SAIA_Init)
    SAIA_RX_DMA_Init                         0x08005039   Thumb Code   230  sai.o(i.SAIA_RX_DMA_Init)
    SAIA_SampleRate_Set                      0x08005135   Thumb Code   120  sai.o(i.SAIA_SampleRate_Set)
    SAIA_TX_DMA_Init                         0x080051b5   Thumb Code   230  sai.o(i.SAIA_TX_DMA_Init)
    SAIB_DMA_Enable                          0x080052b1   Thumb Code    12  sai.o(i.SAIB_DMA_Enable)
    SAIB_Init                                0x080052c1   Thumb Code   108  sai.o(i.SAIB_Init)
    SAI_Play_Start                           0x08005375   Thumb Code    14  sai.o(i.SAI_Play_Start)
    SAI_Rec_Start                            0x08005389   Thumb Code    14  sai.o(i.SAI_Rec_Start)
    SVC_Handler                              0x0800539d   Thumb Code     2  stm32f7xx_it.o(i.SVC_Handler)
    SetCodecVolume                           0x0800539f   Thumb Code     8  main.o(i.SetCodecVolume)
    Stm32_Clock_Init                         0x080053a9   Thumb Code   124  sys.o(i.Stm32_Clock_Init)
    SysTick_Handler                          0x0800542d   Thumb Code     4  stm32f7xx_it.o(i.SysTick_Handler)
    SystemAndHardwareInit                    0x08005431   Thumb Code    58  main.o(i.SystemAndHardwareInit)
    SystemInit                               0x0800546d   Thumb Code    68  system_stm32f7xx.o(i.SystemInit)
    Toggle_Leds                              0x080054c1   Thumb Code    40  main.o(i.Toggle_Leds)
    UART_AdvFeatureConfig                    0x080054f5   Thumb Code   200  stm32f7xx_hal_uart.o(i.UART_AdvFeatureConfig)
    UART_CheckIdleState                      0x080055bd   Thumb Code    64  stm32f7xx_hal_uart.o(i.UART_CheckIdleState)
    UART_SetConfig                           0x080056a5   Thumb Code   550  stm32f7xx_hal_uart.o(i.UART_SetConfig)
    UART_WaitOnFlagUntilTimeout              0x080058fd   Thumb Code   100  stm32f7xx_hal_uart.o(i.UART_WaitOnFlagUntilTimeout)
    USART2_IRQHandler                        0x08005961   Thumb Code   140  usart.o(i.USART2_IRQHandler)
    UsageFault_Handler                       0x080059f5   Thumb Code     2  stm32f7xx_it.o(i.UsageFault_Handler)
    WM8978_ADDA_Cfg                          0x080059f9   Thumb Code    50  wm8978.o(i.WM8978_ADDA_Cfg)
    WM8978_AUX_Gain                          0x08005a31   Thumb Code    42  wm8978.o(i.WM8978_AUX_Gain)
    WM8978_HPvol_Set                         0x08005a61   Thumb Code    40  wm8978.o(i.WM8978_HPvol_Set)
    WM8978_I2S_Cfg                           0x08005a89   Thumb Code    18  wm8978.o(i.WM8978_I2S_Cfg)
    WM8978_Init                              0x08005a9b   Thumb Code   118  wm8978.o(i.WM8978_Init)
    WM8978_Input_Cfg                         0x08005b11   Thumb Code    82  wm8978.o(i.WM8978_Input_Cfg)
    WM8978_LINEIN_Gain                       0x08005b69   Thumb Code    46  wm8978.o(i.WM8978_LINEIN_Gain)
    WM8978_MIC_Gain                          0x08005b9d   Thumb Code    28  wm8978.o(i.WM8978_MIC_Gain)
    WM8978_Output_Cfg                        0x08005bb9   Thumb Code    36  wm8978.o(i.WM8978_Output_Cfg)
    WM8978_SPKvol_Set                        0x08005bdd   Thumb Code    32  wm8978.o(i.WM8978_SPKvol_Set)
    WM8978_Write_Reg                         0x08005bfd   Thumb Code    80  wm8978.o(i.WM8978_Write_Reg)
    __0printf                                0x08005c51   Thumb Code    22  printfa.o(i.__0printf)
    __1printf                                0x08005c51   Thumb Code     0  printfa.o(i.__0printf)
    __2printf                                0x08005c51   Thumb Code     0  printfa.o(i.__0printf)
    __c89printf                              0x08005c51   Thumb Code     0  printfa.o(i.__0printf)
    printf                                   0x08005c51   Thumb Code     0  printfa.o(i.__0printf)
    __ARM_common_complex_double_multiply     0x08005c71   Thumb Code   126  fir2.o(i.__ARM_common_complex_double_multiply)
    __ARM_fpclassify                         0x08005cef   Thumb Code    48  fpclassify.o(i.__ARM_fpclassify)
    __hardfp_cexp                            0x08005d21   Thumb Code   252  cexp.o(i.__hardfp_cexp)
    __hardfp_cos                             0x08005e31   Thumb Code   180  cos.o(i.__hardfp_cos)
    __hardfp_exp                             0x08005ef9   Thumb Code   714  exp.o(i.__hardfp_exp)
    __hardfp_log                             0x08006251   Thumb Code   872  log.o(i.__hardfp_log)
    __hardfp_log10                           0x08006619   Thumb Code   260  log10.o(i.__hardfp_log10)
    __hardfp_pow                             0x08006749   Thumb Code  3044  pow.o(i.__hardfp_pow)
    __hardfp_sin                             0x08007381   Thumb Code   180  sin.o(i.__hardfp_sin)
    __hardfp_sqrt                            0x08007449   Thumb Code   122  sqrt.o(i.__hardfp_sqrt)
    __ieee754_rem_pio2                       0x080074c9   Thumb Code   938  rred.o(i.__ieee754_rem_pio2)
    __kernel_cos                             0x08007901   Thumb Code   322  cos_i.o(i.__kernel_cos)
    __kernel_poly                            0x08007a71   Thumb Code   248  poly.o(i.__kernel_poly)
    __kernel_sin                             0x08007b69   Thumb Code   280  sin_i.o(i.__kernel_sin)
    __mathlib_dbl_divzero                    0x08007c99   Thumb Code    28  dunder.o(i.__mathlib_dbl_divzero)
    __mathlib_dbl_infnan                     0x08007cc9   Thumb Code    20  dunder.o(i.__mathlib_dbl_infnan)
    __mathlib_dbl_infnan2                    0x08007cdd   Thumb Code    20  dunder.o(i.__mathlib_dbl_infnan2)
    __mathlib_dbl_invalid                    0x08007cf1   Thumb Code    24  dunder.o(i.__mathlib_dbl_invalid)
    __mathlib_dbl_overflow                   0x08007d11   Thumb Code    24  dunder.o(i.__mathlib_dbl_overflow)
    __mathlib_dbl_underflow                  0x08007d31   Thumb Code    24  dunder.o(i.__mathlib_dbl_underflow)
    __read_errno                             0x08007d51   Thumb Code     6  errno.o(i.__read_errno)
    __scatterload_copy                       0x08007d5d   Thumb Code    14  handlers.o(i.__scatterload_copy)
    __scatterload_null                       0x08007d6b   Thumb Code     2  handlers.o(i.__scatterload_null)
    __scatterload_zeroinit                   0x08007d6d   Thumb Code    14  handlers.o(i.__scatterload_zeroinit)
    __set_errno                              0x08007d7d   Thumb Code     6  errno.o(i.__set_errno)
    apps                                     0x0800861d   Thumb Code   242  main.o(i.apps)
    arm_copy_f32                             0x08008755   Thumb Code    68  arm_copy_f32.o(i.arm_copy_f32)
    arm_fir_f32                              0x08008799   Thumb Code   798  arm_fir_f32.o(i.arm_fir_f32)
    arm_fir_init_f32                         0x08008abd   Thumb Code    28  arm_fir_init_f32.o(i.arm_fir_init_f32)
    cos                                      0x08008ad9   Thumb Code    16  cos.o(i.cos)
    dataCheckSum                             0x08008ae9   Thumb Code    32  audiodatatransprocess.o(i.dataCheckSum)
    delay_init                               0x08008b09   Thumb Code    16  delay.o(i.delay_init)
    delay_ms                                 0x08008b1d   Thumb Code    26  delay.o(i.delay_ms)
    delay_us                                 0x08008b39   Thumb Code    48  delay.o(i.delay_us)
    env_get                                  0x08008b6d   Thumb Code    70  env.o(i.env_get)
    env_set                                  0x08008bd9   Thumb Code   176  env.o(i.env_set)
    eqfilter                                 0x08008d31   Thumb Code  1212  fir2.o(i.eqfilter)
    exp                                      0x080091ed   Thumb Code    16  exp.o(i.exp)
    fabs                                     0x080091fd   Thumb Code    24  fabs.o(i.fabs)
    fputc                                    0x08009215   Thumb Code    20  usart.o(i.fputc)
    free                                     0x0800922d   Thumb Code    76  malloc.o(i.free)
    getDefaultFilterParamer                  0x0800927d   Thumb Code    32  main.o(i.getDefaultFilterParamer)
    getVolumeDifference                      0x080092a5   Thumb Code   238  main.o(i.getVolumeDifference)
    log                                      0x080093b5   Thumb Code    16  log.o(i.log)
    main                                     0x080093c5   Thumb Code    54  main.o(i.main)
    malloc                                   0x08009421   Thumb Code    92  malloc.o(i.malloc)
    rec_sai_dma_rx_callback                  0x0800948d   Thumb Code    92  recorder.o(i.rec_sai_dma_rx_callback)
    scan_Key                                 0x080094f9   Thumb Code   132  main.o(i.scan_Key)
    sin                                      0x08009585   Thumb Code    16  sin.o(i.sin)
    sqrt                                     0x08009595   Thumb Code   110  sqrt.o(i.sqrt)
    sqrtf                                    0x08009603   Thumb Code    62  sqrtf.o(i.sqrtf)
    uart_init                                0x08009641   Thumb Code    54  usart.o(i.uart_init)
    updataFliterParamer                      0x08009685   Thumb Code    52  main.o(i.updataFliterParamer)
    wav_recorder                             0x080096bd   Thumb Code   144  recorder.o(i.wav_recorder)
    SAI_PSC_TBL                              0x08009770   Data         110  sai.o(.constdata)
    AHBPrescTable                            0x080097f7   Data          16  system_stm32f7xx.o(.constdata)
    APBPrescTable                            0x08009807   Data           8  system_stm32f7xx.o(.constdata)
    twiddleCoef_16                           0x0800a5d8   Data         128  arm_common_tables.o(.constdata)
    twiddleCoef_32                           0x0800a658   Data         256  arm_common_tables.o(.constdata)
    twiddleCoef_64                           0x0800a758   Data         512  arm_common_tables.o(.constdata)
    twiddleCoef_128                          0x0800a958   Data        1024  arm_common_tables.o(.constdata)
    twiddleCoef_256                          0x0800ad58   Data        2048  arm_common_tables.o(.constdata)
    twiddleCoef_512                          0x0800b558   Data        4096  arm_common_tables.o(.constdata)
    twiddleCoef_1024                         0x0800c558   Data        8192  arm_common_tables.o(.constdata)
    twiddleCoef_2048                         0x0800e558   Data       16384  arm_common_tables.o(.constdata)
    armBitRevIndexTable16                    0x08012558   Data          40  arm_common_tables.o(.constdata)
    armBitRevIndexTable32                    0x08012580   Data          96  arm_common_tables.o(.constdata)
    armBitRevIndexTable64                    0x080125e0   Data         112  arm_common_tables.o(.constdata)
    armBitRevIndexTable128                   0x08012650   Data         416  arm_common_tables.o(.constdata)
    armBitRevIndexTable256                   0x080127f0   Data         880  arm_common_tables.o(.constdata)
    armBitRevIndexTable512                   0x08012b60   Data         896  arm_common_tables.o(.constdata)
    armBitRevIndexTable1024                  0x08012ee0   Data        3600  arm_common_tables.o(.constdata)
    armBitRevIndexTable2048                  0x08013cf0   Data        7616  arm_common_tables.o(.constdata)
    twiddleCoef_rfft_32                      0x08015ab0   Data         128  arm_common_tables.o(.constdata)
    twiddleCoef_rfft_64                      0x08015b30   Data         256  arm_common_tables.o(.constdata)
    twiddleCoef_rfft_128                     0x08015c30   Data         512  arm_common_tables.o(.constdata)
    twiddleCoef_rfft_256                     0x08015e30   Data        1024  arm_common_tables.o(.constdata)
    twiddleCoef_rfft_512                     0x08016230   Data        2048  arm_common_tables.o(.constdata)
    twiddleCoef_rfft_1024                    0x08016a30   Data        4096  arm_common_tables.o(.constdata)
    twiddleCoef_rfft_2048                    0x08017a30   Data        8192  arm_common_tables.o(.constdata)
    twiddleCoef_rfft_4096                    0x08019a30   Data       16384  arm_common_tables.o(.constdata)
    __mathlib_zero                           0x0801db78   Data           8  qnan.o(.constdata)
    Region$$Table$$Base                      0x0801dc70   Number         0  anon$$obj.o(Region$$Table)
    Region$$Table$$Limit                     0x0801dc90   Number         0  anon$$obj.o(Region$$Table)
    uwTick                                   0x20000000   Data           4  stm32f7xx_hal.o(.data)
    recvMsgFlag                              0x20000008   Data           1  usart.o(.data)
    aRxBuffer                                0x20000009   Data           1  usart.o(.data)
    __stdout                                 0x2000000c   Data           4  usart.o(.data)
    BUTTON_PORT                              0x20000010   Data           4  button.o(.data)
    sai_tx_callback                          0x20000014   Data           4  sai.o(.data)
    sai_rx_callback                          0x20000018   Data           4  sai.o(.data)
    SystemCoreClock                          0x20000090   Data           4  system_stm32f7xx.o(.data)
    intFlag                                  0x20000098   Data           1  main.o(.data)
    filterChangeFlag1                        0x20000099   Data           1  main.o(.data)
    ptr                                      0x2000009a   Data           2  main.o(.data)
    tempShort                                0x2000009c   Data           2  main.o(.data)
    blockSize                                0x200000a0   Data           4  main.o(.data)
    tempFloat                                0x200000a4   Data           4  main.o(.data)
    WorkMode                                 0x200000a8   Data           4  main.o(.data)
    preScale                                 0x200000ac   Data           4  main.o(.data)
    dataRecvFlag                             0x200000b0   Data           4  main.o(.data)
    ParamersUpdataFlag                       0x200000b4   Data           4  main.o(.data)
    longkey                                  0x200000b8   Data           4  main.o(.data)
    keybuf                                   0x200000bc   Data           4  main.o(.data)
    button_status                            0x200000c0   Data           4  main.o(.data)
    gVolumeRatio                             0x200000c8   Data           4  main.o(.data)
    lInputF32                                0x200000cc   Data           4  main.o(.data)
    lOutputF32                               0x200000d0   Data           4  main.o(.data)
    rInputF32                                0x200000d4   Data           4  main.o(.data)
    rOutputF32                               0x200000d8   Data           4  main.o(.data)
    tempLong                                 0x200000e0   Data           8  main.o(.data)
    defaultParams                            0x20000108   Data          32  main.o(.data)
    recvIndex                                0x20000128   Data           4  main.o(.data)
    dataRecvMaxSample                        0x20000130   Data           8  main.o(.data)
    tempInt                                  0x20000138   Data           2  main.o(.data)
    recvAudioBuf                             0x2000013c   Data           4  main.o(.data)
    ByteDest                                 0x20000140   Data           4  main.o(.data)
    StartFreq                                0x20000148   Data           4  audiodatatransprocess.o(.data)
    EndFreq                                  0x2000014c   Data           4  audiodatatransprocess.o(.data)
    FreqStep                                 0x20000150   Data           4  audiodatatransprocess.o(.data)
    DataLength                               0x20000154   Data           4  audiodatatransprocess.o(.data)
    DataStep                                 0x20000158   Data           4  audiodatatransprocess.o(.data)
    listIndex                                0x2000015c   Data           4  audiodatatransprocess.o(.data)
    hIndex                                   0x20000160   Data           4  audiodatatransprocess.o(.data)
    pdex                                     0x20000164   Data           4  audiodatatransprocess.o(.data)
    count                                    0x20000168   Data           4  audiodatatransprocess.o(.data)
    DataStartFlag                            0x2000016c   Data           4  audiodatatransprocess.o(.data)
    headFlag                                 0x20000170   Data           4  audiodatatransprocess.o(.data)
    tailFlag                                 0x20000174   Data           4  audiodatatransprocess.o(.data)
    paramerIndex                             0x20000178   Data           4  audiodatatransprocess.o(.data)
    leftData                                 0x2000017c   Data           4  audiodatatransprocess.o(.data)
    alTmp                                    0x20000180   Data           8  audiodatatransprocess.o(.data)
    __microlib_freelist                      0x20000188   Data           4  mvars.o(.data)
    __microlib_freelist_initialised          0x2000018c   Data           4  mvars.o(.data)
    pFlash                                   0x20000194   Data          28  stm32f7xx_hal_flash.o(.bss)
    recvbuf                                  0x200001b0   Data         252  usart.o(.bss)
    UART2_Handler                            0x200002ac   Data         112  usart.o(.bss)
    SAI1A_Handler                            0x2000031c   Data         132  sai.o(.bss)
    SAI1B_Handler                            0x200003a0   Data         132  sai.o(.bss)
    SAI1_TXDMA_Handler                       0x20000424   Data          96  sai.o(.bss)
    SAI1_RXDMA_Handler                       0x20000484   Data          96  sai.o(.bss)
    filterParamers                           0x200004e4   Data          24  main.o(.bss)
    ParamerData                              0x200004fc   Data          32  main.o(.bss)
    sairecbuf1                               0x2000051c   Data          64  main.o(.bss)
    sairecbuf2                               0x2000055c   Data          64  main.o(.bss)
    saiplaybuf1                              0x2000059c   Data          64  main.o(.bss)
    saiplaybuf2                              0x200005dc   Data          64  main.o(.bss)
    l2l                                      0x2000061c   Data        1024  main.o(.bss)
    r2r                                      0x20000a1c   Data        1024  main.o(.bss)
    float_left                               0x20000e1c   Data          64  main.o(.bss)
    float_right                              0x20000e5c   Data          64  main.o(.bss)
    float_left_output                        0x20000e9c   Data          64  main.o(.bss)
    float_right_output                       0x20000edc   Data          64  main.o(.bss)
    SL                                       0x20001794   Data          12  main.o(.bss)
    SR                                       0x200017a0   Data          12  main.o(.bss)
    pubRecvBuf                               0x200017b0   Data          80  audiodatatransprocess.o(.bss)
    FFTInputBuf                              0x20001800   Data        8192  audiodatatransprocess.o(.bss)
    FFTOutputBuf                             0x20003800   Data        8192  audiodatatransprocess.o(.bss)
    listers                                  0x20005800   Data          20  audiodatatransprocess.o(.bss)
    Bits                                     0x20005814   Data         128  audiodatatransprocess.o(.bss)
    testOutput                               0x20005894   Data        4096  audiodatatransprocess.o(.bss)
    __heap_base                              0x20006898   Data           0  startup_stm32f723xx.o(HEAP)
    __heap_limit                             0x2000a898   Data           0  startup_stm32f723xx.o(HEAP)
    __initial_sp                             0x2000c898   Data           0  startup_stm32f723xx.o(STACK)



==============================================================================

Memory Map of the image

  Image Entry point : 0x080002a1

  Load Region LR_IROM1 (Base: 0x08000000, Size: 0x0001de24, Max: 0x00080000, ABSOLUTE, COMPRESSED[0x0001dcf8])

    Execution Region ER_IROM1 (Base: 0x08000000, Size: 0x0001dc90, Max: 0x00080000, ABSOLUTE)

    Base Addr    Size         Type   Attr      Idx    E Section Name        Object

    0x08000000   0x000001e0   Data   RO            3    RESET               startup_stm32f723xx.o
    0x080001e0   0x000000c0   Code   RO         4465    . text              arm_cortexM7l_math.lib(arm_bitreversal2.o)
    0x080002a0   0x00000000   Code   RO         4535  * .ARM.Collect$$$$00000000  mc_w.l(entry.o)
    0x080002a0   0x00000004   Code   RO         4944    .ARM.Collect$$$$00000001  mc_w.l(entry2.o)
    0x080002a4   0x00000004   Code   RO         4947    .ARM.Collect$$$$00000004  mc_w.l(entry5.o)
    0x080002a8   0x00000000   Code   RO         4949    .ARM.Collect$$$$00000008  mc_w.l(entry7b.o)
    0x080002a8   0x00000000   Code   RO         4951    .ARM.Collect$$$$0000000A  mc_w.l(entry8b.o)
    0x080002a8   0x00000008   Code   RO         4952    .ARM.Collect$$$$0000000B  mc_w.l(entry9a.o)
    0x080002b0   0x00000000   Code   RO         4954    .ARM.Collect$$$$0000000D  mc_w.l(entry10a.o)
    0x080002b0   0x00000000   Code   RO         4956    .ARM.Collect$$$$0000000F  mc_w.l(entry11a.o)
    0x080002b0   0x00000004   Code   RO         4945    .ARM.Collect$$$$00002712  mc_w.l(entry2.o)
    0x080002b4   0x00000024   Code   RO            4    .text               startup_stm32f723xx.o
    0x080002d8   0x00000124   Code   RO         4312    .text               arm_cortexM7l_math.lib(arm_cmplx_mag_f32.o)
    0x080003fc   0x00000244   Code   RO         4364    .text               arm_cortexM7l_math.lib(arm_rfft_fast_f32.o)
    0x08000640   0x00000128   Code   RO         4392    .text               arm_cortexM7l_math.lib(arm_rfft_fast_init_f32.o)
    0x08000768   0x00000a3e   Code   RO         4420    .text               arm_cortexM7l_math.lib(arm_cfft_f32.o)
    0x080011a6   0x00000002   PAD
    0x080011a8   0x00000854   Code   RO         4444    .text               arm_cortexM7l_math.lib(arm_cfft_radix8_f32.o)
    0x080019fc   0x00000062   Code   RO         4538    .text               mc_w.l(uldiv.o)
    0x08001a5e   0x00000024   Code   RO         4542    .text               mc_w.l(memseta.o)
    0x08001a82   0x0000001c   Code   RO         4835    .text               mc_w.l(calloc.o)
    0x08001a9e   0x000000b0   Code   RO         4837    .text               mf_w.l(fadd.o)
    0x08001b4e   0x00000064   Code   RO         4839    .text               mf_w.l(fmul.o)
    0x08001bb2   0x0000007c   Code   RO         4841    .text               mf_w.l(fdiv.o)
    0x08001c2e   0x00000018   Code   RO         4843    .text               mf_w.l(fscalb.o)
    0x08001c46   0x0000014e   Code   RO         4845    .text               mf_w.l(dadd.o)
    0x08001d94   0x000000e4   Code   RO         4847    .text               mf_w.l(dmul.o)
    0x08001e78   0x000000de   Code   RO         4849    .text               mf_w.l(ddiv.o)
    0x08001f56   0x0000000a   Code   RO         4851    .text               mf_w.l(ffltui.o)
    0x08001f60   0x0000002c   Code   RO         4853    .text               mf_w.l(ffltl.o)
    0x08001f8c   0x00000042   Code   RO         4855    .text               mf_w.l(ffixl.o)
    0x08001fce   0x0000002c   Code   RO         4857    .text               mf_w.l(ffixul.o)
    0x08001ffa   0x0000003e   Code   RO         4859    .text               mf_w.l(dfixi.o)
    0x08002038   0x00000026   Code   RO         4861    .text               mf_w.l(f2d.o)
    0x0800205e   0x00000038   Code   RO         4863    .text               mf_w.l(d2f.o)
    0x08002096   0x0000002c   Code   RO         4958    .text               mc_w.l(uidiv.o)
    0x080020c2   0x0000001e   Code   RO         4960    .text               mc_w.l(llshl.o)
    0x080020e0   0x00000020   Code   RO         4962    .text               mc_w.l(llushr.o)
    0x08002100   0x00000024   Code   RO         4964    .text               mc_w.l(llsshr.o)
    0x08002124   0x00000000   Code   RO         4975    .text               mc_w.l(iusefp.o)
    0x08002124   0x0000006e   Code   RO         4976    .text               mf_w.l(fepilogue.o)
    0x08002192   0x000000ba   Code   RO         4978    .text               mf_w.l(depilogue.o)
    0x0800224c   0x0000002e   Code   RO         4982    .text               mf_w.l(dscalb.o)
    0x0800227a   0x000000a2   Code   RO         4984    .text               mf_w.l(dsqrt.o)
    0x0800231c   0x00000022   Code   RO         4986    .text               mf_w.l(dflti.o)
    0x0800233e   0x00000030   Code   RO         4988    .text               mf_w.l(dfixul.o)
    0x0800236e   0x00000002   PAD
    0x08002370   0x00000030   Code   RO         4990    .text               mf_w.l(cdcmple.o)
    0x080023a0   0x00000030   Code   RO         4992    .text               mf_w.l(cdrcmple.o)
    0x080023d0   0x00000004   Code   RO         4994    .text               mf_w.l(fpstat.o)
    0x080023d4   0x00000024   Code   RO         4996    .text               mc_w.l(init.o)
    0x080023f8   0x0000001a   Code   RO         4998    .text               mf_w.l(dfltui.o)
    0x08002412   0x00000056   Code   RO         5008    .text               mc_w.l(__dczerorl2.o)
    0x08002468   0x0000003c   Code   RO         4042    i.AnalysisBuffer    audiodatatransprocess.o
    0x080024a4   0x000002b0   Code   RO         3775    i.AudioProcessWithFliter  main.o
    0x08002754   0x0000012c   Code   RO         3776    i.AudioProcessWithoutFliter  main.o
    0x08002880   0x000003bc   Code   RO         4043    i.AudioTransDataProcess  audiodatatransprocess.o
    0x08002c3c   0x00000002   Code   RO         3928    i.BusFault_Handler  stm32f7xx_it.o
    0x08002c3e   0x00000002   PAD
    0x08002c40   0x0000004c   Code   RO         3205    i.Button_Init       button.o
    0x08002c8c   0x00000074   Code   RO         3076    i.Cache_Enable      sys.o
    0x08002d00   0x00000032   Code   RO         4044    i.ChangeBitToByte   audiodatatransprocess.o
    0x08002d32   0x00000002   PAD
    0x08002d34   0x0000007c   Code   RO         3339    i.DMA2_Stream3_IRQHandler  sai.o
    0x08002db0   0x0000007c   Code   RO         3340    i.DMA2_Stream5_IRQHandler  sai.o
    0x08002e2c   0x00000028   Code   RO          515    i.DMA_CalcBaseAndBitshift  stm32f7xx_hal_dma.o
    0x08002e54   0x00000054   Code   RO          516    i.DMA_CheckFifoParam  stm32f7xx_hal_dma.o
    0x08002ea8   0x0000001e   Code   RO          621    i.DMA_MultiBufferSetConfig  stm32f7xx_hal_dma_ex.o
    0x08002ec6   0x00000002   Code   RO         3929    i.DebugMon_Handler  stm32f7xx_it.o
    0x08002ec8   0x00000006   Code   RO         3930    i.EXTI0_IRQHandler  stm32f7xx_it.o
    0x08002ece   0x00000002   PAD
    0x08002ed0   0x000001a4   Code   RO         4045    i.FFTDataAnalysis   audiodatatransprocess.o
    0x08003074   0x00000060   Code   RO         2915    i.FLASH_Erase_Sector  stm32f7xx_hal_flash_ex.o
    0x080030d4   0x0000002c   Code   RO         2916    i.FLASH_MassErase   stm32f7xx_hal_flash_ex.o
    0x08003100   0x00000024   Code   RO         2797    i.FLASH_Program_Byte  stm32f7xx_hal_flash.o
    0x08003124   0x0000002c   Code   RO         2798    i.FLASH_Program_DoubleWord  stm32f7xx_hal_flash.o
    0x08003150   0x00000028   Code   RO         2799    i.FLASH_Program_HalfWord  stm32f7xx_hal_flash.o
    0x08003178   0x00000028   Code   RO         2800    i.FLASH_Program_Word  stm32f7xx_hal_flash.o
    0x080031a0   0x00000068   Code   RO         2801    i.FLASH_SetErrorCode  stm32f7xx_hal_flash.o
    0x08003208   0x00000054   Code   RO         2802    i.FLASH_WaitForLastOperation  stm32f7xx_hal_flash.o
    0x0800325c   0x00000088   Code   RO         3777    i.FliterInit        main.o
    0x080032e4   0x0000007c   Code   RO         3675    i.GetSector         env.o
    0x08003360   0x00000010   Code   RO         3077    i.Get_DCahceSta     sys.o
    0x08003370   0x00000064   Code   RO          623    i.HAL_DMAEx_MultiBufferStart  stm32f7xx_hal_dma_ex.o
    0x080033d4   0x00000024   Code   RO          519    i.HAL_DMA_Abort_IT  stm32f7xx_hal_dma.o
    0x080033f8   0x00000056   Code   RO          520    i.HAL_DMA_DeInit    stm32f7xx_hal_dma.o
    0x0800344e   0x00000002   PAD
    0x08003450   0x000000e0   Code   RO          524    i.HAL_DMA_Init      stm32f7xx_hal_dma.o
    0x08003530   0x0000008c   Code   RO         2919    i.HAL_FLASHEx_Erase  stm32f7xx_hal_flash_ex.o
    0x080035bc   0x0000000c   Code   RO         2804    i.HAL_FLASH_GetError  stm32f7xx_hal_flash.o
    0x080035c8   0x00000014   Code   RO         2806    i.HAL_FLASH_Lock    stm32f7xx_hal_flash.o
    0x080035dc   0x00000084   Code   RO         2811    i.HAL_FLASH_Program  stm32f7xx_hal_flash.o
    0x08003660   0x00000028   Code   RO         2813    i.HAL_FLASH_Unlock  stm32f7xx_hal_flash.o
    0x08003688   0x00000034   Code   RO         3778    i.HAL_GPIO_EXTI_Callback  main.o
    0x080036bc   0x00000018   Code   RO          682    i.HAL_GPIO_EXTI_IRQHandler  stm32f7xx_hal_gpio.o
    0x080036d4   0x000001bc   Code   RO          683    i.HAL_GPIO_Init     stm32f7xx_hal_gpio.o
    0x08003890   0x0000000a   Code   RO          685    i.HAL_GPIO_ReadPin  stm32f7xx_hal_gpio.o
    0x0800389a   0x00000008   Code   RO          686    i.HAL_GPIO_TogglePin  stm32f7xx_hal_gpio.o
    0x080038a2   0x0000000a   Code   RO          687    i.HAL_GPIO_WritePin  stm32f7xx_hal_gpio.o
    0x080038ac   0x0000000c   Code   RO           28    i.HAL_GetTick       stm32f7xx_hal.o
    0x080038b8   0x00000010   Code   RO           29    i.HAL_IncTick       stm32f7xx_hal.o
    0x080038c8   0x00000024   Code   RO           30    i.HAL_Init          stm32f7xx_hal.o
    0x080038ec   0x00000028   Code   RO           31    i.HAL_InitTick      stm32f7xx_hal.o
    0x08003914   0x00000002   Code   RO           33    i.HAL_MspInit       stm32f7xx_hal.o
    0x08003916   0x00000016   Code   RO          385    i.HAL_NVIC_EnableIRQ  stm32f7xx_hal_cortex.o
    0x0800392c   0x00000040   Code   RO          391    i.HAL_NVIC_SetPriority  stm32f7xx_hal_cortex.o
    0x0800396c   0x00000024   Code   RO          392    i.HAL_NVIC_SetPriorityGrouping  stm32f7xx_hal_cortex.o
    0x08003990   0x0000006c   Code   RO          876    i.HAL_PWREx_EnableOverDrive  stm32f7xx_hal_pwr_ex.o
    0x080039fc   0x00000120   Code   RO         1065    i.HAL_RCCEx_GetPeriphCLKFreq  stm32f7xx_hal_rcc_ex.o
    0x08003b1c   0x00000530   Code   RO         1066    i.HAL_RCCEx_PeriphCLKConfig  stm32f7xx_hal_rcc_ex.o
    0x0800404c   0x00000164   Code   RO          963    i.HAL_RCC_ClockConfig  stm32f7xx_hal_rcc.o
    0x080041b0   0x00000030   Code   RO          970    i.HAL_RCC_GetPCLK1Freq  stm32f7xx_hal_rcc.o
    0x080041e0   0x00000030   Code   RO          971    i.HAL_RCC_GetPCLK2Freq  stm32f7xx_hal_rcc.o
    0x08004210   0x00000084   Code   RO          972    i.HAL_RCC_GetSysClockFreq  stm32f7xx_hal_rcc.o
    0x08004294   0x0000035c   Code   RO          975    i.HAL_RCC_OscConfig  stm32f7xx_hal_rcc.o
    0x080045f0   0x00000042   Code   RO         2011    i.HAL_SAI_DeInit    stm32f7xx_hal_sai.o
    0x08004632   0x00000002   PAD
    0x08004634   0x000001e8   Code   RO         2020    i.HAL_SAI_Init      stm32f7xx_hal_sai.o
    0x0800481c   0x00000002   Code   RO         2022    i.HAL_SAI_MspDeInit  stm32f7xx_hal_sai.o
    0x0800481e   0x00000002   PAD
    0x08004820   0x0000004c   Code   RO         3341    i.HAL_SAI_MspInit   sai.o
    0x0800486c   0x00000018   Code   RO          394    i.HAL_SYSTICK_CLKSourceConfig  stm32f7xx_hal_cortex.o
    0x08004884   0x00000026   Code   RO          396    i.HAL_SYSTICK_Config  stm32f7xx_hal_cortex.o
    0x080048aa   0x00000002   Code   RO         2305    i.HAL_UART_ErrorCallback  stm32f7xx_hal_uart.o
    0x080048ac   0x0000000c   Code   RO         2307    i.HAL_UART_GetState  stm32f7xx_hal_uart.o
    0x080048b8   0x00000178   Code   RO         2308    i.HAL_UART_IRQHandler  stm32f7xx_hal_uart.o
    0x08004a30   0x0000006a   Code   RO         2309    i.HAL_UART_Init     stm32f7xx_hal_uart.o
    0x08004a9a   0x00000002   PAD
    0x08004a9c   0x00000088   Code   RO         3125    i.HAL_UART_MspInit  usart.o
    0x08004b24   0x0000008e   Code   RO         2314    i.HAL_UART_Receive_IT  stm32f7xx_hal_uart.o
    0x08004bb2   0x00000002   Code   RO         2315    i.HAL_UART_RxCpltCallback  stm32f7xx_hal_uart.o
    0x08004bb4   0x000000b6   Code   RO         2317    i.HAL_UART_Transmit  stm32f7xx_hal_uart.o
    0x08004c6a   0x00000002   Code   RO         2320    i.HAL_UART_TxCpltCallback  stm32f7xx_hal_uart.o
    0x08004c6c   0x00000002   Code   RO         3931    i.HardFault_Handler  stm32f7xx_it.o
    0x08004c6e   0x00000002   PAD
    0x08004c70   0x00000050   Code   RO         3247    i.IIC_Init          myiic.o
    0x08004cc0   0x0000006c   Code   RO         3250    i.IIC_Send_Byte     myiic.o
    0x08004d2c   0x00000050   Code   RO         3251    i.IIC_Start         myiic.o
    0x08004d7c   0x00000050   Code   RO         3252    i.IIC_Stop          myiic.o
    0x08004dcc   0x00000064   Code   RO         3253    i.IIC_Wait_Ack      myiic.o
    0x08004e30   0x00000078   Code   RO         3315    i.LED_Init          led.o
    0x08004ea8   0x00000002   Code   RO         3932    i.NMI_Handler       stm32f7xx_it.o
    0x08004eaa   0x00000022   Code   RO          398    i.NVIC_SetPriority  stm32f7xx_hal_cortex.o
    0x08004ecc   0x00000002   Code   RO         3933    i.PendSV_Handler    stm32f7xx_it.o
    0x08004ece   0x00000002   PAD
    0x08004ed0   0x000000e8   Code   RO         4046    i.ProcessDataStream  audiodatatransprocess.o
    0x08004fb8   0x00000010   Code   RO         3342    i.SAIA_DMA_Enable   sai.o
    0x08004fc8   0x00000070   Code   RO         3343    i.SAIA_Init         sai.o
    0x08005038   0x000000fc   Code   RO         3344    i.SAIA_RX_DMA_Init  sai.o
    0x08005134   0x00000080   Code   RO         3345    i.SAIA_SampleRate_Set  sai.o
    0x080051b4   0x000000fc   Code   RO         3346    i.SAIA_TX_DMA_Init  sai.o
    0x080052b0   0x00000010   Code   RO         3347    i.SAIB_DMA_Enable   sai.o
    0x080052c0   0x00000074   Code   RO         3348    i.SAIB_Init         sai.o
    0x08005334   0x00000040   Code   RO         2040    i.SAI_Disable       stm32f7xx_hal_sai.o
    0x08005374   0x00000014   Code   RO         3349    i.SAI_Play_Start    sai.o
    0x08005388   0x00000014   Code   RO         3351    i.SAI_Rec_Start     sai.o
    0x0800539c   0x00000002   Code   RO         3934    i.SVC_Handler       stm32f7xx_it.o
    0x0800539e   0x00000008   Code   RO         3779    i.SetCodecVolume    main.o
    0x080053a6   0x00000002   PAD
    0x080053a8   0x00000084   Code   RO         3079    i.Stm32_Clock_Init  sys.o
    0x0800542c   0x00000004   Code   RO         3935    i.SysTick_Handler   stm32f7xx_it.o
    0x08005430   0x0000003a   Code   RO         3780    i.SystemAndHardwareInit  main.o
    0x0800546a   0x00000002   PAD
    0x0800546c   0x00000054   Code   RO         3738    i.SystemInit        system_stm32f7xx.o
    0x080054c0   0x00000034   Code   RO         3781    i.Toggle_Leds       main.o
    0x080054f4   0x000000c8   Code   RO         2322    i.UART_AdvFeatureConfig  stm32f7xx_hal_uart.o
    0x080055bc   0x00000040   Code   RO         2323    i.UART_CheckIdleState  stm32f7xx_hal_uart.o
    0x080055fc   0x00000014   Code   RO         2324    i.UART_DMAAbortOnError  stm32f7xx_hal_uart.o
    0x08005610   0x0000001c   Code   RO         2330    i.UART_EndRxTransfer  stm32f7xx_hal_uart.o
    0x0800562c   0x00000078   Code   RO         2332    i.UART_Receive_IT   stm32f7xx_hal_uart.o
    0x080056a4   0x00000258   Code   RO         2333    i.UART_SetConfig    stm32f7xx_hal_uart.o
    0x080058fc   0x00000064   Code   RO         2334    i.UART_WaitOnFlagUntilTimeout  stm32f7xx_hal_uart.o
    0x08005960   0x00000094   Code   RO         3127    i.USART2_IRQHandler  usart.o
    0x080059f4   0x00000002   Code   RO         3936    i.UsageFault_Handler  stm32f7xx_it.o
    0x080059f6   0x00000002   PAD
    0x080059f8   0x00000038   Code   RO         3449    i.WM8978_ADDA_Cfg   wm8978.o
    0x08005a30   0x00000030   Code   RO         3450    i.WM8978_AUX_Gain   wm8978.o
    0x08005a60   0x00000028   Code   RO         3457    i.WM8978_HPvol_Set  wm8978.o
    0x08005a88   0x00000012   Code   RO         3458    i.WM8978_I2S_Cfg    wm8978.o
    0x08005a9a   0x00000076   Code   RO         3459    i.WM8978_Init       wm8978.o
    0x08005b10   0x00000058   Code   RO         3460    i.WM8978_Input_Cfg  wm8978.o
    0x08005b68   0x00000034   Code   RO         3461    i.WM8978_LINEIN_Gain  wm8978.o
    0x08005b9c   0x0000001c   Code   RO         3462    i.WM8978_MIC_Gain   wm8978.o
    0x08005bb8   0x00000024   Code   RO         3463    i.WM8978_Output_Cfg  wm8978.o
    0x08005bdc   0x00000020   Code   RO         3465    i.WM8978_SPKvol_Set  wm8978.o
    0x08005bfc   0x00000054   Code   RO         3466    i.WM8978_Write_Reg  wm8978.o
    0x08005c50   0x00000020   Code   RO         4779    i.__0printf         mc_w.l(printfa.o)
    0x08005c70   0x0000007e   Code   RO         4025    i.__ARM_common_complex_double_multiply  fir2.o
    0x08005cee   0x00000030   Code   RO         4902    i.__ARM_fpclassify  m_wm.l(fpclassify.o)
    0x08005d1e   0x00000002   PAD
    0x08005d20   0x0000010c   Code   RO         4531    i.__hardfp_cexp     m_wm.l(cexp.o)
    0x08005e2c   0x00000004   PAD
    0x08005e30   0x000000c8   Code   RO         4469    i.__hardfp_cos      m_wm.l(cos.o)
    0x08005ef8   0x00000358   Code   RO         4882    i.__hardfp_exp      m_wm.l(exp.o)
    0x08006250   0x000003c4   Code   RO         4904    i.__hardfp_log      m_wm.l(log.o)
    0x08006614   0x00000004   PAD
    0x08006618   0x00000130   Code   RO         4481    i.__hardfp_log10    m_wm.l(log10.o)
    0x08006748   0x00000c38   Code   RO         4493    i.__hardfp_pow      m_wm.l(pow.o)
    0x08007380   0x000000c8   Code   RO         4926    i.__hardfp_sin      m_wm.l(sin.o)
    0x08007448   0x0000007a   Code   RO         4507    i.__hardfp_sqrt     m_wm.l(sqrt.o)
    0x080074c2   0x00000006   PAD
    0x080074c8   0x00000438   Code   RO         4921    i.__ieee754_rem_pio2  m_wm.l(rred.o)
    0x08007900   0x00000170   Code   RO         4865    i.__kernel_cos      m_wm.l(cos_i.o)
    0x08007a70   0x000000f8   Code   RO         4918    i.__kernel_poly     m_wm.l(poly.o)
    0x08007b68   0x00000130   Code   RO         4938    i.__kernel_sin      m_wm.l(sin_i.o)
    0x08007c98   0x00000030   Code   RO         4868    i.__mathlib_dbl_divzero  m_wm.l(dunder.o)
    0x08007cc8   0x00000014   Code   RO         4869    i.__mathlib_dbl_infnan  m_wm.l(dunder.o)
    0x08007cdc   0x00000014   Code   RO         4870    i.__mathlib_dbl_infnan2  m_wm.l(dunder.o)
    0x08007cf0   0x00000020   Code   RO         4871    i.__mathlib_dbl_invalid  m_wm.l(dunder.o)
    0x08007d10   0x00000020   Code   RO         4872    i.__mathlib_dbl_overflow  m_wm.l(dunder.o)
    0x08007d30   0x00000020   Code   RO         4874    i.__mathlib_dbl_underflow  m_wm.l(dunder.o)
    0x08007d50   0x0000000c   Code   RO         4969    i.__read_errno      mc_w.l(errno.o)
    0x08007d5c   0x0000000e   Code   RO         5002    i.__scatterload_copy  mc_w.l(handlers.o)
    0x08007d6a   0x00000002   Code   RO         5003    i.__scatterload_null  mc_w.l(handlers.o)
    0x08007d6c   0x0000000e   Code   RO         5004    i.__scatterload_zeroinit  mc_w.l(handlers.o)
    0x08007d7a   0x00000002   PAD
    0x08007d7c   0x0000000c   Code   RO         4970    i.__set_errno       mc_w.l(errno.o)
    0x08007d88   0x00000164   Code   RO         4786    i._fp_digits        mc_w.l(printfa.o)
    0x08007eec   0x000006dc   Code   RO         4787    i._printf_core      mc_w.l(printfa.o)
    0x080085c8   0x00000024   Code   RO         4788    i._printf_post_padding  mc_w.l(printfa.o)
    0x080085ec   0x0000002e   Code   RO         4789    i._printf_pre_padding  mc_w.l(printfa.o)
    0x0800861a   0x00000002   PAD
    0x0800861c   0x00000138   Code   RO         3782    i.apps              main.o
    0x08008754   0x00000044   Code   RO         4288    i.arm_copy_f32      arm_copy_f32.o
    0x08008798   0x00000324   Code   RO         4103    i.arm_fir_f32       arm_fir_f32.o
    0x08008abc   0x0000001c   Code   RO         4130    i.arm_fir_init_f32  arm_fir_init_f32.o
    0x08008ad8   0x00000010   Code   RO         4471    i.cos               m_wm.l(cos.o)
    0x08008ae8   0x00000020   Code   RO         4047    i.dataCheckSum      audiodatatransprocess.o
    0x08008b08   0x00000014   Code   RO         3037    i.delay_init        delay.o
    0x08008b1c   0x0000001a   Code   RO         3038    i.delay_ms          delay.o
    0x08008b36   0x00000002   PAD
    0x08008b38   0x00000034   Code   RO         3039    i.delay_us          delay.o
    0x08008b6c   0x0000006c   Code   RO         3676    i.env_get           env.o
    0x08008bd8   0x00000158   Code   RO         3678    i.env_set           env.o
    0x08008d30   0x000004bc   Code   RO         4007    i.eqfilter          fir2.o
    0x080091ec   0x00000010   Code   RO         4884    i.exp               m_wm.l(exp.o)
    0x080091fc   0x00000018   Code   RO         4898    i.fabs              m_wm.l(fabs.o)
    0x08009214   0x00000018   Code   RO         3129    i.fputc             usart.o
    0x0800922c   0x00000050   Code   RO         4807    i.free              mc_w.l(malloc.o)
    0x0800927c   0x00000028   Code   RO         3783    i.getDefaultFilterParamer  main.o
    0x080092a4   0x00000110   Code   RO         3784    i.getVolumeDifference  main.o
    0x080093b4   0x00000010   Code   RO         4906    i.log               m_wm.l(log.o)
    0x080093c4   0x0000005c   Code   RO         3785    i.main              main.o
    0x08009420   0x0000006c   Code   RO         4808    i.malloc            mc_w.l(malloc.o)
    0x0800948c   0x0000006c   Code   RO         2979    i.rec_sai_dma_rx_callback  recorder.o
    0x080094f8   0x0000008c   Code   RO         3786    i.scan_Key          main.o
    0x08009584   0x00000010   Code   RO         4928    i.sin               m_wm.l(sin.o)
    0x08009594   0x0000006e   Code   RO         4509    i.sqrt              m_wm.l(sqrt.o)
    0x08009602   0x0000003e   Code   RO         4521    i.sqrtf             m_wm.l(sqrtf.o)
    0x08009640   0x00000044   Code   RO         3130    i.uart_init         usart.o
    0x08009684   0x00000038   Code   RO         3787    i.updataFliterParamer  main.o
    0x080096bc   0x000000ac   Code   RO         2980    i.wav_recorder      recorder.o
    0x08009768   0x00000008   Data   RO          530    .constdata          stm32f7xx_hal_dma.o
    0x08009770   0x0000006e   Data   RO         3354    .constdata          sai.o
    0x080097de   0x00000019   Data   RO         3680    .constdata          env.o
    0x080097f7   0x00000010   Data   RO         3739    .constdata          system_stm32f7xx.o
    0x08009807   0x00000008   Data   RO         3740    .constdata          system_stm32f7xx.o
    0x0800980f   0x00000001   PAD
    0x08009810   0x00000dc8   Data   RO         3789    .constdata          main.o
    0x0800a5d8   0x00000080   Data   RO         4155    .constdata          arm_common_tables.o
    0x0800a658   0x00000100   Data   RO         4156    .constdata          arm_common_tables.o
    0x0800a758   0x00000200   Data   RO         4157    .constdata          arm_common_tables.o
    0x0800a958   0x00000400   Data   RO         4158    .constdata          arm_common_tables.o
    0x0800ad58   0x00000800   Data   RO         4159    .constdata          arm_common_tables.o
    0x0800b558   0x00001000   Data   RO         4160    .constdata          arm_common_tables.o
    0x0800c558   0x00002000   Data   RO         4161    .constdata          arm_common_tables.o
    0x0800e558   0x00004000   Data   RO         4162    .constdata          arm_common_tables.o
    0x08012558   0x00000028   Data   RO         4184    .constdata          arm_common_tables.o
    0x08012580   0x00000060   Data   RO         4185    .constdata          arm_common_tables.o
    0x080125e0   0x00000070   Data   RO         4186    .constdata          arm_common_tables.o
    0x08012650   0x000001a0   Data   RO         4187    .constdata          arm_common_tables.o
    0x080127f0   0x00000370   Data   RO         4188    .constdata          arm_common_tables.o
    0x08012b60   0x00000380   Data   RO         4189    .constdata          arm_common_tables.o
    0x08012ee0   0x00000e10   Data   RO         4190    .constdata          arm_common_tables.o
    0x08013cf0   0x00001dc0   Data   RO         4191    .constdata          arm_common_tables.o
    0x08015ab0   0x00000080   Data   RO         4202    .constdata          arm_common_tables.o
    0x08015b30   0x00000100   Data   RO         4203    .constdata          arm_common_tables.o
    0x08015c30   0x00000200   Data   RO         4204    .constdata          arm_common_tables.o
    0x08015e30   0x00000400   Data   RO         4205    .constdata          arm_common_tables.o
    0x08016230   0x00000800   Data   RO         4206    .constdata          arm_common_tables.o
    0x08016a30   0x00001000   Data   RO         4207    .constdata          arm_common_tables.o
    0x08017a30   0x00002000   Data   RO         4208    .constdata          arm_common_tables.o
    0x08019a30   0x00004000   Data   RO         4209    .constdata          arm_common_tables.o
    0x0801da30   0x00000088   Data   RO         4496    .constdata          m_wm.l(pow.o)
    0x0801dab8   0x00000030   Data   RO         4866    .constdata          m_wm.l(cos_i.o)
    0x0801dae8   0x00000058   Data   RO         4885    .constdata          m_wm.l(exp.o)
    0x0801db40   0x00000038   Data   RO         4907    .constdata          m_wm.l(log.o)
    0x0801db78   0x00000008   Data   RO         4920    .constdata          m_wm.l(qnan.o)
    0x0801db80   0x000000c8   Data   RO         4923    .constdata          m_wm.l(rred.o)
    0x0801dc48   0x00000028   Data   RO         4939    .constdata          m_wm.l(sin_i.o)
    0x0801dc70   0x00000020   Data   RO         5000    Region$$Table       anon$$obj.o


    Execution Region RW_IRAM1 (Base: 0x20000000, Size: 0x0000c898, Max: 0x00040000, ABSOLUTE, COMPRESSED[0x00000068])

    Base Addr    Size         Type   Attr      Idx    E Section Name        Object

    0x20000000   0x00000004   Data   RW           36    .data               stm32f7xx_hal.o
    0x20000004   0x00000004   Data   RW         3040    .data               delay.o
    0x20000008   0x00000002   Data   RW         3134    .data               usart.o
    0x2000000a   0x00000002   PAD
    0x2000000c   0x00000004   Data   RW         3137    .data               usart.o
    0x20000010   0x00000004   Data   RW         3207    .data               button.o
    0x20000014   0x00000008   Data   RW         3355    .data               sai.o
    0x2000001c   0x00000074   Data   RW         3467    .data               wm8978.o
    0x20000090   0x00000004   Data   RW         3741    .data               system_stm32f7xx.o
    0x20000094   0x00000004   PAD
    0x20000098   0x00000090   Data   RW         3792    .data               main.o
    0x20000128   0x00000004   Data   RW         3809    .data               main.o
    0x2000012c   0x00000004   PAD
    0x20000130   0x00000008   Data   RW         3813    .data               main.o
    0x20000138   0x00000002   Data   RW         3817    .data               main.o
    0x2000013a   0x00000002   PAD
    0x2000013c   0x00000004   Data   RW         3822    .data               main.o
    0x20000140   0x00000004   Data   RW         3824    .data               main.o
    0x20000144   0x00000004   PAD
    0x20000148   0x00000040   Data   RW         4049    .data               audiodatatransprocess.o
    0x20000188   0x00000004   Data   RW         4966    .data               mc_w.l(mvars.o)
    0x2000018c   0x00000004   Data   RW         4967    .data               mc_w.l(mvars.o)
    0x20000190   0x00000004   Data   RW         4971    .data               mc_w.l(errno.o)
    0x20000194   0x0000001c   Zero   RW         2814    .bss                stm32f7xx_hal_flash.o
    0x200001b0   0x0000016c   Zero   RW         3132    .bss                usart.o
    0x2000031c   0x000001c8   Zero   RW         3353    .bss                sai.o
    0x200004e4   0x000012c8   Zero   RW         3788    .bss                main.o
    0x200017ac   0x00000004   PAD
    0x200017b0   0x000050e4   Zero   RW         4048    .bss                audiodatatransprocess.o
    0x20006894   0x00000004   PAD
    0x20006898   0x00004000   Zero   RW            2    HEAP                startup_stm32f723xx.o
    0x2000a898   0x00002000   Zero   RW            1    STACK               startup_stm32f723xx.o


==============================================================================

Image component sizes


      Code (inc. data)   RO Data    RW Data    ZI Data      Debug   Object Name

         0          0      78936          0          0       4928   arm_common_tables.o
        68          0          0          0          0        795   arm_copy_f32.o
       804          6          0          0          0       2134   arm_fir_f32.o
        28          0          0          0          0       1019   arm_fir_init_f32.o
      1750        166          0         64      20708       7555   audiodatatransprocess.o
        76         12          0          4          0       1439   button.o
        98          8          0          4          0       2083   delay.o
       576        232         25          0          0       3035   env.o
      1338         40          0          0          0       1539   fir2.o
       120         14          0          0          0       1051   led.o
      2206        238       3528        166       4808      27571   main.o
       448         28          0          0          0       3569   myiic.o
       280         44          0          0          0      34088   recorder.o
      1256        128        110          8        456       9109   sai.o
        36          8        480          0      24576        928   startup_stm32f723xx.o
       106         22          0          4          0     706457   stm32f7xx_hal.o
       218         12          0          0          0      36365   stm32f7xx_hal_cortex.o
       470         12          8          0          0       4603   stm32f7xx_hal_dma.o
       130          0          0          0          0       2133   stm32f7xx_hal_dma_ex.o
       552         74          0          0         28       7835   stm32f7xx_hal_flash.o
       280         20          0          0          0       3958   stm32f7xx_hal_flash_ex.o
       496         52          0          0          0       4651   stm32f7xx_hal_gpio.o
       108          8          0          0          0       1448   stm32f7xx_hal_pwr_ex.o
      1444         68          0          0          0       5520   stm32f7xx_hal_rcc.o
      1616         36          0          0          0       3381   stm32f7xx_hal_rcc_ex.o
       620         22          0          0          0       3984   stm32f7xx_hal_sai.o
      1956         74          0          0          0      12830   stm32f7xx_hal_uart.o
        24          0          0          0          0       4733   stm32f7xx_it.o
       264         22          0          0          0      34221   sys.o
        84         16         24          4          0       1407   system_stm32f7xx.o
       376         40          0          6        364       5809   usart.o
       600         28          0        116          0       8233   wm8978.o

    ----------------------------------------------------------------------
     18454       1430      83144        392      50948     948411   Object Totals
         0          0         32          0          0          0   (incl. Generated)
        26          0          1         16          8          0   (incl. Padding)

    ----------------------------------------------------------------------

      Code (inc. data)   RO Data    RW Data    ZI Data      Debug   Library Member Name

       192          0          0          0          0        480   arm_bitreversal2.o
      2622          0          0          0          0       3625   arm_cfft_f32.o
      2132          6          0          0          0       2579   arm_cfft_radix8_f32.o
       292          0          0          0          0      17552   arm_cmplx_mag_f32.o
       580          0          0          0          0      15740   arm_rfft_fast_f32.o
       296         98          0          0          0       1173   arm_rfft_fast_init_f32.o
       268         16          0          0          0        184   cexp.o
       216         20          0          0          0        288   cos.o
       368         46         48          0          0        200   cos_i.o
       184         44          0          0          0        744   dunder.o
       872        142         88          0          0        412   exp.o
        24          0          0          0          0        124   fabs.o
        48          0          0          0          0        124   fpclassify.o
       980         92         56          0          0        440   log.o
       304         44          0          0          0        200   log10.o
       248          0          0          0          0        152   poly.o
      3128        302        136          0          0        356   pow.o
         0          0          8          0          0          0   qnan.o
      1080        142        200          0          0        188   rred.o
       216         20          0          0          0        288   sin.o
       304         24         40          0          0        208   sin_i.o
       232          0          0          0          0        296   sqrt.o
        62          0          0          0          0        136   sqrtf.o
        86          0          0          0          0          0   __dczerorl2.o
        28          0          0          0          0         76   calloc.o
         0          0          0          0          0          0   entry.o
         0          0          0          0          0          0   entry10a.o
         0          0          0          0          0          0   entry11a.o
         8          4          0          0          0          0   entry2.o
         4          0          0          0          0          0   entry5.o
         0          0          0          0          0          0   entry7b.o
         0          0          0          0          0          0   entry8b.o
         8          4          0          0          0          0   entry9a.o
        24         12          0          4          0        136   errno.o
        30          0          0          0          0          0   handlers.o
        36          8          0          0          0         68   init.o
         0          0          0          0          0          0   iusefp.o
        30          0          0          0          0         68   llshl.o
        36          0          0          0          0         68   llsshr.o
        32          0          0          0          0         68   llushr.o
       188         20          0          0          0        160   malloc.o
        36          0          0          0          0        108   memseta.o
         0          0          0          8          0          0   mvars.o
      2226         90          0          0          0        444   printfa.o
        44          0          0          0          0         80   uidiv.o
        98          0          0          0          0         92   uldiv.o
        48          0          0          0          0         68   cdcmple.o
        48          0          0          0          0         68   cdrcmple.o
        56          0          0          0          0         88   d2f.o
       334          0          0          0          0        148   dadd.o
       222          0          0          0          0        100   ddiv.o
       186          0          0          0          0        176   depilogue.o
        62          0          0          0          0         80   dfixi.o
        48          0          0          0          0         68   dfixul.o
        34          0          0          0          0         76   dflti.o
        26          0          0          0          0         76   dfltui.o
       228          0          0          0          0         96   dmul.o
        46          0          0          0          0         80   dscalb.o
       162          0          0          0          0        100   dsqrt.o
        38          0          0          0          0         68   f2d.o
       176          0          0          0          0        140   fadd.o
       124          0          0          0          0         88   fdiv.o
       110          0          0          0          0        168   fepilogue.o
        66          0          0          0          0         76   ffixl.o
        44          0          0          0          0         68   ffixul.o
        44          0          0          0          0         92   ffltl.o
        10          0          0          0          0         68   ffltui.o
       100          0          0          0          0         76   fmul.o
         4          0          0          0          0         68   fpstat.o
        24          0          0          0          0         68   fscalb.o

    ----------------------------------------------------------------------
     19826       1142        576         12          0      49061   Library Totals
        24          8          0          0          0          0   (incl. Padding)

    ----------------------------------------------------------------------

      Code (inc. data)   RO Data    RW Data    ZI Data      Debug   Library Name

      6114        104          0          0          0      41149   arm_cortexM7l_math.lib
      8534        892        576          0          0       4340   m_wm.l
      2914        138          0         12          0       1368   mc_w.l
      2240          0          0          0          0       2204   mf_w.l

    ----------------------------------------------------------------------
     19826       1142        576         12          0      49061   Library Totals

    ----------------------------------------------------------------------

==============================================================================


      Code (inc. data)   RO Data    RW Data    ZI Data      Debug   

     38280       2572      83720        404      50948     979720   Grand Totals
     38280       2572      83720        104      50948     979720   ELF Image Totals (compressed)
     38280       2572      83720        104          0          0   ROM Totals

==============================================================================

    Total RO  Size (Code + RO Data)               122000 ( 119.14kB)
    Total RW  Size (RW Data + ZI Data)             51352 (  50.15kB)
    Total ROM Size (Code + RO Data + RW Data)     122104 ( 119.24kB)

==============================================================================

